--------- beginning of main
12-09 19:19:57.002 11264 11294 I Gralloc4: mapper 4.x is not supported
12-09 19:19:57.006 11264 11294 D HostConnection: createUnique: call
12-09 19:19:57.007 11264 11294 D HostConnection: HostConnection::get() New Host Connection established 0xb4000077d3ba4790, tid 11294
12-09 19:19:57.007 11264 11294 D goldfish-address-space: allocate: Ask for block of size 0x100
12-09 19:19:57.007 11264 11294 D goldfish-address-space: allocate: ioctl allocate returned offset 0x1efff8000 size 0x8000
12-09 19:19:57.031 11264 11299 W unknown:ReactContext: initializeMessageQueueThreads() is called.
12-09 19:19:57.031 11264 11294 W Gralloc4: allocator 4.x is not supported
12-09 19:19:57.038 11264 11294 D HostConnection: HostComposition ext ANDROID_EMU_CHECKSUM_HELPER_v1 ANDROID_EMU_native_sync_v2 ANDROID_EMU_native_sync_v3 ANDROID_EMU_native_sync_v4 ANDROID_EMU_dma_v1 ANDROID_EMU_direct_mem ANDROID_EMU_host_composition_v1 ANDROID_EMU_host_composition_v2 ANDROID_EMU_vulkan ANDROID_EMU_deferred_vulkan_commands ANDROID_EMU_vulkan_null_optional_strings ANDROID_EMU_vulkan_create_resources_with_requirements ANDROID_EMU_YUV_Cache ANDROID_EMU_vulkan_ignored_handles ANDROID_EMU_has_shared_slots_host_memory_allocator ANDROID_EMU_vulkan_free_memory_sync ANDROID_EMU_vulkan_shader_float16_int8 ANDROID_EMU_vulkan_async_queue_submit ANDROID_EMU_vulkan_queue_submit_with_commands ANDROID_EMU_sync_buffer_data ANDROID_EMU_read_color_buffer_dma ANDROID_EMU_hwc_multi_configs GL_OES_EGL_image_external_essl3 GL_OES_vertex_array_object GL_KHR_texture_compression_astc_ldr ANDROID_EMU_host_side_tracing ANDROID_EMU_gles_max_version_3_0 
12-09 19:19:57.063 11264 11302 W unknown:ViewManagerPropertyUpdater: Could not find generated setter for class com.facebook.react.views.drawer.ReactDrawerLayoutManager
12-09 19:19:57.077 11264 11302 W unknown:ViewManagerPropertyUpdater: Could not find generated setter for class com.facebook.react.uimanager.LayoutShadowNode
12-09 19:19:57.078 11264 11302 W unknown:ViewManagerPropertyUpdater: Could not find generated setter for class com.facebook.react.views.scroll.ReactHorizontalScrollViewManager
12-09 19:19:57.079 11264 11302 W unknown:ViewManagerPropertyUpdater: Could not find generated setter for class com.facebook.react.views.scroll.ReactHorizontalScrollContainerViewManager
12-09 19:19:57.079 11264 11302 W unknown:ViewManagerPropertyUpdater: Could not find generated setter for class com.facebook.react.views.progressbar.ReactProgressBarViewManager
12-09 19:19:57.079 11264 11302 W unknown:ViewManagerPropertyUpdater: Could not find generated setter for class com.facebook.react.views.progressbar.ProgressBarShadowNode
12-09 19:19:57.080 11264 11302 W unknown:ViewManagerPropertyUpdater: Could not find generated setter for class com.facebook.react.views.scroll.ReactScrollViewManager
12-09 19:19:57.081 11264 11302 W unknown:ViewManagerPropertyUpdater: Could not find generated setter for class com.facebook.react.views.slider.ReactSliderManager
12-09 19:19:57.084 11264 11302 W unknown:ViewManagerPropertyUpdater: Could not find generated setter for class com.facebook.react.views.slider.ReactSliderManager$ReactSliderShadowNode
12-09 19:19:57.084 11264 11302 W unknown:ViewManagerPropertyUpdater: Could not find generated setter for class com.facebook.react.views.switchview.ReactSwitchManager
12-09 19:19:57.085 11264 11302 W unknown:ViewManagerPropertyUpdater: Could not find generated setter for class com.facebook.react.views.switchview.ReactSwitchManager$ReactSwitchShadowNode
12-09 19:19:57.087 11264 11302 W unknown:ViewManagerPropertyUpdater: Could not find generated setter for class com.facebook.react.views.swiperefresh.SwipeRefreshLayoutManager
12-09 19:19:57.088 11264 11302 W unknown:ViewManagerPropertyUpdater: Could not find generated setter for class com.facebook.react.views.text.frescosupport.FrescoBasedReactTextInlineImageViewManager
12-09 19:19:57.088 11264 11302 W unknown:ViewManagerPropertyUpdater: Could not find generated setter for class com.facebook.react.views.text.frescosupport.FrescoBasedReactTextInlineImageShadowNode
12-09 19:19:57.089 11264 11302 W unknown:ViewManagerPropertyUpdater: Could not find generated setter for class com.facebook.react.views.image.ReactImageManager
12-09 19:19:57.092 11264 11302 W unknown:ViewManagerPropertyUpdater: Could not find generated setter for class com.facebook.react.views.modal.ReactModalHostManager
12-09 19:19:57.092 11264 11302 W unknown:ViewManagerPropertyUpdater: Could not find generated setter for class com.facebook.react.views.modal.ModalHostShadowNode
12-09 19:19:57.093 11264 11302 W unknown:ViewManagerPropertyUpdater: Could not find generated setter for class com.facebook.react.views.text.ReactRawTextManager
12-09 19:19:57.136 11264 11302 W unknown:ViewManagerPropertyUpdater: Could not find generated setter for class com.facebook.react.views.text.ReactRawTextShadowNode
12-09 19:19:57.139 11264 11294 W Parcel  : Expecting binder but got null!
12-09 19:19:57.140 11264 11302 W unknown:ViewManagerPropertyUpdater: Could not find generated setter for class com.facebook.react.views.textinput.ReactTextInputManager
12-09 19:19:57.143 11264 11302 W unknown:ViewManagerPropertyUpdater: Could not find generated setter for class com.facebook.react.views.textinput.ReactTextInputShadowNode
12-09 19:19:57.143 11264 11302 W unknown:ViewManagerPropertyUpdater: Could not find generated setter for class com.facebook.react.views.text.ReactTextViewManager
12-09 19:19:57.151 11264 11280 I Detox   : Detox server connection details: url=ws://localhost:50474, sessionId=9dae0b77-8bec-c6f7-499b-eee2947b20f1
12-09 19:19:57.163 11264 11302 W unknown:ViewManagerPropertyUpdater: Could not find generated setter for class com.facebook.react.views.text.ReactTextShadowNode
12-09 19:19:57.164 11264 11302 W unknown:ViewManagerPropertyUpdater: Could not find generated setter for class com.facebook.react.views.view.ReactViewManager
12-09 19:19:57.169 11264 11302 W unknown:ViewManagerPropertyUpdater: Could not find generated setter for class com.facebook.react.views.text.ReactVirtualTextViewManager
12-09 19:19:57.174 11264 11302 W unknown:ViewManagerPropertyUpdater: Could not find generated setter for class com.facebook.react.views.text.ReactVirtualTextShadowNode
12-09 19:19:57.175 11264 11302 W unknown:ViewManagerPropertyUpdater: Could not find generated setter for class com.facebook.react.views.unimplementedview.ReactUnimplementedViewManager
12-09 19:19:57.181 11264 11302 W unknown:ReactContext: initializeMessageQueueThreads() is called.
12-09 19:19:57.188 11264 11302 D SoLoader: libyoga.so not found on /data/data/com.awesomeproject/lib-main
12-09 19:19:57.188 11264 11302 D SoLoader: libyoga.so found on /data/app/~~OQgSDWKj2eEHALBjuzY0Gg==/com.awesomeproject-D-orI0oBpFq8mZL0ns4ccw==/lib/arm64
12-09 19:19:57.203 11264 11302 D SoLoader: Not resolving dependencies for libyoga.so
12-09 19:19:57.264 11264 11310 I DetoxDispatcher: Handling action '_init' (ID #0)...
12-09 19:19:57.264 11264 11310 I Detox   : Connecting to server...
12-09 19:19:57.264 11264 11310 I DetoxWSClient: At connectToServer
12-09 19:19:57.318 11264 11264 D DetoxRNLoading: Got new RN-context directly and immediately
12-09 19:19:57.319 11264 11310 I DetoxRNIdleRes: Setting up Espresso Idling Resources for React Native
12-09 19:19:57.321 11264 11310 D AsyncStorageIR: Checking whether a custom IR for Async-Storage is required... (legacy=false)
12-09 19:19:57.325 11264 11310 D DetoxRNHelpers: Native RN module resolution (class com.reactnativecommunity.asyncstorage.AsyncStorageModule): no such class
12-09 19:19:57.325 11264 11310 D AsyncStorageIR: Checking whether a custom IR for Async-Storage is required... (legacy=true)
12-09 19:19:57.326 11264 11301 I ReactNativeJS: Running "AwesomeProject
12-09 19:19:57.327 11264 11310 D AsyncStorageIR: IR for Async-Storage is required! (legacy=true)
12-09 19:19:57.331 11264 11264 D AsyncStorageIRLegacy: Async-storage is busy!
12-09 19:19:57.335 11264 11310 I DetoxDispatcher: Done with action '_init'
12-09 19:19:57.338 11264 11314 D TrafficStats: tagSocket(115) with statsTag=0xffffffff, statsUid=-1
12-09 19:19:57.343 11264 11314 D DetoxWSClient: At onOpen
12-09 19:19:57.343 11264 11314 I DetoxWSClient: Sending out action 'login' (ID #0)
12-09 19:19:57.343 11264 11314 I Detox   : Connected to server!
12-09 19:19:57.343 11264 11310 I DetoxDispatcher: Handling action 'isReady' (ID #-1000)...
12-09 19:19:57.351 11264 11314 D DetoxWSClient: Received action 'loginSuccess' (ID #0, params={"testerConnected":true,"appConnected":true})
12-09 19:19:57.353 11264 11314 D DetoxWSClient: Received action 'isReady' (ID #-1000, params={})
12-09 19:19:57.356 11264 11301 I ReactNativeJS: Pushy: uuid: tGTdhLfajpswtRzS7bOC7
12-09 19:19:57.384 11264 11264 D CompatibilityChangeReporter: Compat change id reported: 210923482; UID 10163; state: DISABLED
12-09 19:19:57.385 11264 11264 D CompatibilityChangeReporter: Compat change id reported: 37756858; UID 10163; state: ENABLED
12-09 19:19:57.427 11264 11264 I Detox   : UIManagerModule is busy
12-09 19:19:57.439 11264 11264 I Detox   : Wait is over: App is now idle!
12-09 19:19:57.440 11264 11310 I DetoxWSClient: Sending out action 'ready' (ID #-1000)
12-09 19:19:57.441 11264 11310 I DetoxDispatcher: Done with action 'isReady'
12-09 19:19:57.444 11264 11310 I DetoxDispatcher: Handling action 'loginSuccess' (ID #0)...
12-09 19:19:57.444 11264 11310 I DetoxDispatcher: Done with action 'loginSuccess'
12-09 19:19:57.444 11264 11310 I DetoxDispatcher: Handling action 'isReady' (ID #-1000)...
12-09 19:19:57.446 11264 11264 I Detox   : Wait is over: App is now idle!
12-09 19:19:57.447 11264 11310 I DetoxWSClient: Sending out action 'ready' (ID #-1000)
12-09 19:19:57.447 11264 11310 I DetoxDispatcher: Done with action 'isReady'
12-09 19:19:57.454 11264 11328 D SoLoader: libimagepipeline.so not found on /data/data/com.awesomeproject/lib-main
12-09 19:19:57.455 11264 11328 D SoLoader: libimagepipeline.so found on /data/app/~~OQgSDWKj2eEHALBjuzY0Gg==/com.awesomeproject-D-orI0oBpFq8mZL0ns4ccw==/lib/arm64
12-09 19:19:57.456 11264 11328 D SoLoader: Not resolving dependencies for libimagepipeline.so
12-09 19:19:57.493 11264 11314 D DetoxWSClient: Received action 'invoke' (ID #1, params={"target":{"type":"Class","value":"com.wix.detox.espresso.EspressoDetox"},"method":"perform","args":[{"type":"Invocation","value":{"target":{"type":"Class","value":"androidx.test.espresso.Espresso"},"method":"onView","args":[{"type":"Invocation","value":{"target":{"type":"Class","value":"com.wix.detox.espresso.DetoxMatcher"},"method":"matcherForTestId","args":["testcase"]}}]}},{"type":"Invocation","value":{"target":{"type":"Class","value":"androidx.test.espresso.action.ViewActions"},"method":"longClick","args":[]}}]})
12-09 19:19:57.493 11264 11310 I DetoxDispatcher: Handling action 'invoke' (ID #1)...
12-09 19:19:57.494 11264 11310 D Detox   : class com.wix.detox.espresso.DetoxMatcher, matcherForTestId, [testcase]
12-09 19:19:57.494 11264 11310 D Detox   : class androidx.test.espresso.Espresso, onView, [(view.getTag() is "testcase" and view has effective visibility <VISIBLE>)]
12-09 19:19:57.495 11264 11310 D Detox   : class androidx.test.espresso.action.ViewActions, longClick, []
12-09 19:19:57.495 11264 11310 D Detox   : class com.wix.detox.espresso.EspressoDetox, perform, [androidx.test.espresso.ViewInteraction@302243, androidx.test.espresso.action.GeneralClickAction@1c130c0]
12-09 19:19:57.496 11264 11264 I ViewInteraction: Performing 'long click' action on view (view.getTag() is "testcase" and view has effective visibility <VISIBLE>)
12-09 19:19:57.534 11264 11264 I Detox   : UIManagerModule is busy
12-09 19:19:58.085 11264 11302 W unknown:ReactNative: Attempt to set local data for view with unknown tag: -1
12-09 19:19:58.086 11264 11302 W unknown:ReactNative: Attempt to set local data for view with unknown tag: -1
12-09 19:19:58.103 11264 11264 W UiControllerImpl: Waiting for: DYNAMIC_TASKS_HAVE_IDLED for 100 iterations.
12-09 19:19:58.111 11264 11264 I Detox   : UIManagerModule is busy
12-09 19:19:58.116 11264 11264 E unknown:ReactModalHost: Creating new dialog from context: com.awesomeproject.MainActivity@d9275d6@227702230
12-09 19:19:58.141 11264 11294 W Parcel  : Expecting binder but got null!
12-09 19:19:58.144 11264 11264 E unknown:ReactModalHost: Updating existing dialog with context: com.awesomeproject.MainActivity@d9275d6@227702230
12-09 19:19:58.187 11264 11264 I Detox   : AnimatedModule is busy.
12-09 19:19:58.201 11264 11264 I Detox   : AnimatedModule is busy.
12-09 19:19:58.218 11264 11264 I Detox   : AnimatedModule is busy.
12-09 19:19:58.236 11264 11264 I Detox   : AnimatedModule is busy.
12-09 19:19:58.250 11264 11264 I Detox   : AnimatedModule is busy.
12-09 19:19:58.268 11264 11264 I Detox   : AnimatedModule is busy.
12-09 19:19:58.285 11264 11264 I Detox   : AnimatedModule is busy.
12-09 19:19:58.301 11264 11264 I Detox   : AnimatedModule is busy.
12-09 19:19:58.317 11264 11264 I Detox   : AnimatedModule is busy.
12-09 19:19:58.335 11264 11264 I Detox   : AnimatedModule is busy.
12-09 19:19:58.351 11264 11264 I Detox   : AnimatedModule is busy.
12-09 19:19:58.369 11264 11264 W MotionEvents: Overslept and turned a tap into a long press
12-09 19:19:58.998 11264 11264 I Detox   : UIManagerModule is busy
12-09 19:19:59.000 11264 11264 I Detox   : AnimatedModule is busy.
12-09 19:19:59.019 11264 11264 I Detox   : AnimatedModule is busy.
12-09 19:19:59.032 11264 11264 I Detox   : AnimatedModule is busy.
12-09 19:19:59.049 11264 11264 I Detox   : AnimatedModule is busy.
12-09 19:19:59.065 11264 11264 I Detox   : AnimatedModule is busy.
12-09 19:19:59.082 11264 11264 I Detox   : AnimatedModule is busy.
12-09 19:19:59.099 11264 11264 I Detox   : AnimatedModule is busy.
12-09 19:19:59.116 11264 11264 I Detox   : AnimatedModule is busy.
12-09 19:19:59.132 11264 11264 I Detox   : AnimatedModule is busy.
12-09 19:19:59.149 11264 11264 I Detox   : AnimatedModule is busy.
12-09 19:19:59.165 11264 11264 I Detox   : AnimatedModule is busy.
12-09 19:19:59.182 11264 11264 I Detox   : AnimatedModule is busy.
12-09 19:19:59.199 11264 11264 I Detox   : AnimatedModule is busy.
12-09 19:19:59.216 11264 11264 I Detox   : AnimatedModule is busy.
12-09 19:19:59.232 11264 11264 I Detox   : AnimatedModule is busy.
12-09 19:19:59.319 11264 11310 I DetoxWSClient: Sending out action 'invokeResult' (ID #1)
12-09 19:19:59.321 11264 11310 I DetoxDispatcher: Done with action 'invoke'
12-09 19:19:59.331 11264 11314 D DetoxWSClient: Received action 'invoke' (ID #2, params={"target":{"type":"Class","value":"com.wix.detox.espresso.EspressoDetox"},"method":"perform","args":[{"type":"Invocation","value":{"target":{"type":"Class","value":"androidx.test.espresso.Espresso"},"method":"onView","args":[{"type":"Invocation","value":{"target":{"type":"Class","value":"com.wix.detox.espresso.DetoxMatcher"},"method":"matcherForTestId","args":["setLocalHashInfo"]}}]}},{"type":"Invocation","value":{"target":{"type":"Class","value":"androidx.test.espresso.action.ViewActions"},"method":"longClick","args":[]}}]})
12-09 19:19:59.333 11264 11310 I DetoxDispatcher: Handling action 'invoke' (ID #2)...
12-09 19:19:59.334 11264 11310 D Detox   : class com.wix.detox.espresso.DetoxMatcher, matcherForTestId, [setLocalHashInfo]
12-09 19:19:59.339 11264 11310 D Detox   : class androidx.test.espresso.Espresso, onView, [(view.getTag() is "setLocalHashInfo" and view has effective visibility <VISIBLE>)]
12-09 19:19:59.341 11264 11310 D Detox   : class androidx.test.espresso.action.ViewActions, longClick, []
12-09 19:19:59.342 11264 11310 D Detox   : class com.wix.detox.espresso.EspressoDetox, perform, [androidx.test.espresso.ViewInteraction@6a9d009, androidx.test.espresso.action.GeneralClickAction@3a6820e]
12-09 19:19:59.347 11264 11264 I ViewInteraction: Performing 'long click' action on view (view.getTag() is "setLocalHashInfo" and view has effective visibility <VISIBLE>)
12-09 19:19:59.366 11264 11294 D EGL_emulation: app_time_stats: avg=306.07ms min=5.53ms max=1180.49ms count=4
12-09 19:19:59.914 11264 11264 W UiControllerImpl: Waiting for: DYNAMIC_TASKS_HAVE_IDLED for 100 iterations.
12-09 19:19:59.916 11264 11264 I Detox   : UIManagerModule is busy
12-09 19:19:59.936 11264 11264 I Detox   : UIManagerModule is busy
12-09 19:19:59.959 11264 11264 I Detox   : AnimatedModule is busy.
12-09 19:19:59.970 11264 11264 I Detox   : AnimatedModule is busy.
12-09 19:19:59.987 11264 11264 I Detox   : AnimatedModule is busy.
12-09 19:20:00.008 11264 11264 I Detox   : AnimatedModule is busy.
12-09 19:20:00.019 11264 11264 I Detox   : AnimatedModule is busy.
12-09 19:20:00.034 11264 11264 I Detox   : AnimatedModule is busy.
12-09 19:20:00.051 11264 11264 I Detox   : AnimatedModule is busy.
12-09 19:20:00.068 11264 11264 I Detox   : AnimatedModule is busy.
12-09 19:20:00.084 11264 11264 I Detox   : AnimatedModule is busy.
12-09 19:20:00.101 11264 11264 I Detox   : AnimatedModule is busy.
12-09 19:20:00.117 11264 11264 I Detox   : AnimatedModule is busy.
12-09 19:20:00.134 11264 11264 I Detox   : AnimatedModule is busy.
12-09 19:20:00.151 11264 11264 I Detox   : AnimatedModule is busy.
12-09 19:20:00.167 11264 11264 I Detox   : AnimatedModule is busy.
12-09 19:20:00.187 11264 11264 W MotionEvents: Overslept and turned a tap into a long press
12-09 19:20:00.816 11264 11264 I Detox   : UIManagerModule is busy
12-09 19:20:00.834 11264 11264 I Detox   : AnimatedModule is busy.
12-09 19:20:00.852 11264 11264 I Detox   : AnimatedModule is busy.
12-09 19:20:00.871 11264 11264 I Detox   : AnimatedModule is busy.
12-09 19:20:00.883 11264 11264 I Detox   : AnimatedModule is busy.
12-09 19:20:00.902 11264 11264 I Detox   : AnimatedModule is busy.
12-09 19:20:00.916 11264 11264 I Detox   : AnimatedModule is busy.
12-09 19:20:00.934 11264 11264 I Detox   : AnimatedModule is busy.
12-09 19:20:00.949 11264 11264 I Detox   : AnimatedModule is busy.
12-09 19:20:00.967 11264 11264 I Detox   : AnimatedModule is busy.
12-09 19:20:00.983 11264 11264 I Detox   : AnimatedModule is busy.
12-09 19:20:01.001 11264 11264 I Detox   : AnimatedModule is busy.
12-09 19:20:01.017 11264 11264 I Detox   : AnimatedModule is busy.
12-09 19:20:01.033 11264 11264 I Detox   : AnimatedModule is busy.
12-09 19:20:01.050 11264 11264 I Detox   : AnimatedModule is busy.
12-09 19:20:01.067 11264 11264 I Detox   : AnimatedModule is busy.
12-09 19:20:01.154 11264 11310 I DetoxWSClient: Sending out action 'invokeResult' (ID #2)
12-09 19:20:01.156 11264 11310 I DetoxDispatcher: Done with action 'invoke'
12-09 19:20:01.166 11264 11314 D DetoxWSClient: Received action 'invoke' (ID #3, params={"target":{"type":"Class","value":"com.wix.detox.espresso.EspressoDetox"},"method":"perform","args":[{"type":"Invocation","value":{"target":{"type":"Class","value":"androidx.test.espresso.Espresso"},"method":"onView","args":[{"type":"Invocation","value":{"target":{"type":"Class","value":"com.wix.detox.espresso.DetoxMatcher"},"method":"matcherForTestId","args":["submit"]}}]}},{"type":"Invocation","value":{"target":{"type":"Class","value":"androidx.test.espresso.action.ViewActions"},"method":"longClick","args":[]}}]})
12-09 19:20:01.167 11264 11310 I DetoxDispatcher: Handling action 'invoke' (ID #3)...
12-09 19:20:01.168 11264 11310 D Detox   : class com.wix.detox.espresso.DetoxMatcher, matcherForTestId, [submit]
12-09 19:20:01.168 11264 11310 D Detox   : class androidx.test.espresso.Espresso, onView, [(view.getTag() is "submit" and view has effective visibility <VISIBLE>)]
12-09 19:20:01.169 11264 11310 D Detox   : class androidx.test.espresso.action.ViewActions, longClick, []
12-09 19:20:01.170 11264 11310 D Detox   : class com.wix.detox.espresso.EspressoDetox, perform, [androidx.test.espresso.ViewInteraction@43f34d4, androidx.test.espresso.action.GeneralClickAction@fa467d]
12-09 19:20:01.175 11264 11264 I ViewInteraction: Performing 'long click' action on view (view.getTag() is "submit" and view has effective visibility <VISIBLE>)
12-09 19:20:01.194 11264 11264 I Detox   : UIManagerModule is busy
12-09 19:20:01.204 11264 11294 D EGL_emulation: app_time_stats: avg=101.28ms min=4.03ms max=1017.50ms count=18
12-09 19:20:01.735 11264 11264 W UiControllerImpl: Waiting for: DYNAMIC_TASKS_HAVE_IDLED for 100 iterations.
12-09 19:20:01.739 11264 11301 I ReactNativeJS: { inputs: 
12-09 19:20:01.739 11264 11301 I ReactNativeJS:    [ 'setLocalHashInfo',
12-09 19:20:01.739 11264 11301 I ReactNativeJS:      '9D5CE6EBA420717BE7E7D308B11F8207681B066C951D68F3994D19828F342474',
12-09 19:20:01.739 11264 11301 I ReactNativeJS:      '{"version":"1.0.0","size":"19M"}' ],
12-09 19:20:01.739 11264 11301 I ReactNativeJS:   params: 
12-09 19:20:01.739 11264 11301 I ReactNativeJS:    [ '9D5CE6EBA420717BE7E7D308B11F8207681B066C951D68F3994D19828F342474',
12-09 19:20:01.739 11264 11301 I ReactNativeJS:      '{"version":"1.0.0","size":"19M"}' ] }
12-09 19:20:01.744 11264 11264 W UiControllerImpl: Waiting for: DYNAMIC_TASKS_HAVE_IDLED for 200 iterations.
12-09 19:20:01.753 11264 11264 W UiControllerImpl: Waiting for: DYNAMIC_TASKS_HAVE_IDLED for 300 iterations.
12-09 19:20:01.766 11264 11264 W UiControllerImpl: Waiting for: DYNAMIC_TASKS_HAVE_IDLED for 400 iterations.
12-09 19:20:01.775 11264 11264 W UiControllerImpl: Waiting for: DYNAMIC_TASKS_HAVE_IDLED for 500 iterations.
12-09 19:20:01.778 11264 11264 W UiControllerImpl: Waiting for: DYNAMIC_TASKS_HAVE_IDLED for 600 iterations.
12-09 19:20:01.783 11264 11264 I Detox   : UIManagerModule is busy
12-09 19:20:01.807 11264 11264 I Detox   : AnimatedModule is busy.
12-09 19:20:01.820 11264 11264 I Detox   : AnimatedModule is busy.
12-09 19:20:01.834 11264 11264 I Detox   : AnimatedModule is busy.
12-09 19:20:01.851 11264 11264 I Detox   : AnimatedModule is busy.
12-09 19:20:01.868 11264 11264 I Detox   : AnimatedModule is busy.
12-09 19:20:01.884 11264 11264 I Detox   : AnimatedModule is busy.
12-09 19:20:01.902 11264 11264 I Detox   : AnimatedModule is busy.
12-09 19:20:01.919 11264 11264 I Detox   : AnimatedModule is busy.
12-09 19:20:01.935 11264 11264 I Detox   : AnimatedModule is busy.
12-09 19:20:01.951 11264 11264 I Detox   : AnimatedModule is busy.
12-09 19:20:01.968 11264 11264 I Detox   : AnimatedModule is busy.
12-09 19:20:01.985 11264 11264 I Detox   : AnimatedModule is busy.
12-09 19:20:02.001 11264 11264 I Detox   : AnimatedModule is busy.
12-09 19:20:02.017 11264 11264 I Detox   : AnimatedModule is busy.
12-09 19:20:02.035 11264 11264 I Detox   : AnimatedModule is busy.
12-09 19:20:02.054 11264 11264 W MotionEvents: Overslept and turned a tap into a long press
12-09 19:20:02.723 11264 11264 I Detox   : AnimatedModule is busy.
12-09 19:20:02.734 11264 11264 I Detox   : AnimatedModule is busy.
12-09 19:20:02.750 11264 11264 I Detox   : AnimatedModule is busy.
12-09 19:20:02.768 11264 11264 I Detox   : AnimatedModule is busy.
12-09 19:20:02.784 11264 11264 I Detox   : AnimatedModule is busy.
12-09 19:20:02.802 11264 11264 I Detox   : AnimatedModule is busy.
12-09 19:20:02.817 11264 11264 I Detox   : AnimatedModule is busy.
12-09 19:20:02.833 11264 11264 I Detox   : AnimatedModule is busy.
12-09 19:20:02.852 11264 11264 I Detox   : AnimatedModule is busy.
12-09 19:20:02.869 11264 11264 I Detox   : AnimatedModule is busy.
12-09 19:20:02.883 11264 11264 I Detox   : AnimatedModule is busy.
12-09 19:20:02.900 11264 11264 I Detox   : AnimatedModule is busy.
12-09 19:20:02.916 11264 11264 I Detox   : AnimatedModule is busy.
12-09 19:20:02.937 11264 11310 I DetoxWSClient: Sending out action 'invokeResult' (ID #3)
12-09 19:20:02.938 11264 11310 I DetoxDispatcher: Done with action 'invoke'
12-09 19:20:02.950 11264 11314 D DetoxWSClient: Received action 'invoke' (ID #4, params={"target":{"type":"Class","value":"com.wix.detox.espresso.DetoxAssertion"},"method":"assertMatcher","args":[{"type":"Invocation","value":{"target":{"type":"Class","value":"androidx.test.espresso.Espresso"},"method":"onView","args":[{"type":"Invocation","value":{"target":{"type":"Class","value":"com.wix.detox.espresso.DetoxMatcher"},"method":"matcherForTestId","args":["done"]}}]}},{"type":"Invocation","value":{"target":{"type":"Class","value":"com.wix.detox.espresso.DetoxMatcher"},"method":"matcherForSufficientlyVisible","args":[{"type":"Integer","value":75}]}}]})
12-09 19:20:02.951 11264 11310 I DetoxDispatcher: Handling action 'invoke' (ID #4)...
12-09 19:20:02.952 11264 11310 D Detox   : class com.wix.detox.espresso.DetoxMatcher, matcherForTestId, [done]
12-09 19:20:02.953 11264 11310 D Detox   : class androidx.test.espresso.Espresso, onView, [(view.getTag() is "done" and view has effective visibility <VISIBLE>)]
12-09 19:20:02.954 11264 11310 D Detox   : class com.wix.detox.espresso.DetoxMatcher, matcherForSufficientlyVisible, [75]
12-09 19:20:02.955 11264 11310 D Detox   : class com.wix.detox.espresso.DetoxAssertion, assertMatcher, [androidx.test.espresso.ViewInteraction@ca268a0, (view has effective visibility <VISIBLE> and view.getGlobalVisibleRect() covers at least <75> percent of the view's area)]
12-09 19:20:02.960 11264 11264 I ViewInteraction: Checking 'MatchesViewAssertion(Detox){viewMatcher=(view has effective visibility <VISIBLE> and view.getGlobalVisibleRect() covers at least <75> percent of the view's area)}' assertion on view (view.getTag() is "done" and view has effective visibility <VISIBLE>)
12-09 19:20:02.961 11264 11310 I DetoxWSClient: Sending out action 'invokeResult' (ID #4)
12-09 19:20:02.964 11264 11310 I DetoxDispatcher: Done with action 'invoke'
12-09 19:20:02.968 11264 11314 D DetoxWSClient: Received action 'invoke' (ID #5, params={"target":{"type":"Class","value":"com.wix.detox.espresso.EspressoDetox"},"method":"perform","args":[{"type":"Invocation","value":{"target":{"type":"Class","value":"androidx.test.espresso.Espresso"},"method":"onView","args":[{"type":"Invocation","value":{"target":{"type":"Class","value":"com.wix.detox.espresso.DetoxMatcher"},"method":"matcherForTestId","args":["done"]}}]}},{"type":"Invocation","value":{"target":{"type":"Class","value":"androidx.test.espresso.action.ViewActions"},"method":"longClick","args":[]}}]})
12-09 19:20:02.968 11264 11310 I DetoxDispatcher: Handling action 'invoke' (ID #5)...
12-09 19:20:02.968 11264 11310 D Detox   : class com.wix.detox.espresso.DetoxMatcher, matcherForTestId, [done]
12-09 19:20:02.969 11264 11310 D Detox   : class androidx.test.espresso.Espresso, onView, [(view.getTag() is "done" and view has effective visibility <VISIBLE>)]
12-09 19:20:02.969 11264 11310 D Detox   : class androidx.test.espresso.action.ViewActions, longClick, []
12-09 19:20:02.969 11264 11310 D Detox   : class com.wix.detox.espresso.EspressoDetox, perform, [androidx.test.espresso.ViewInteraction@8c77c59, androidx.test.espresso.action.GeneralClickAction@aa9401e]
12-09 19:20:02.970 11264 11264 I ViewInteraction: Performing 'long click' action on view (view.getTag() is "done" and view has effective visibility <VISIBLE>)
12-09 19:20:02.986 11264 11264 I Detox   : UIManagerModule is busy
12-09 19:20:03.007 11264 11294 D EGL_emulation: app_time_stats: avg=105.99ms min=11.77ms max=953.45ms count=17
12-09 19:20:03.558 11264 11264 W UiControllerImpl: Waiting for: DYNAMIC_TASKS_HAVE_IDLED for 100 iterations.
12-09 19:20:03.566 11264 11264 I Detox   : UIManagerModule is busy
12-09 19:20:03.587 11264 11264 I Detox   : AnimatedModule is busy.
12-09 19:20:03.601 11264 11264 I Detox   : AnimatedModule is busy.
12-09 19:20:03.615 11264 11264 I Detox   : AnimatedModule is busy.
12-09 19:20:03.632 11264 11264 I Detox   : AnimatedModule is busy.
12-09 19:20:03.649 11264 11264 I Detox   : AnimatedModule is busy.
12-09 19:20:03.665 11264 11264 I Detox   : AnimatedModule is busy.
12-09 19:20:03.682 11264 11264 I Detox   : AnimatedModule is busy.
12-09 19:20:03.701 11264 11264 I Detox   : AnimatedModule is busy.
12-09 19:20:03.715 11264 11264 I Detox   : AnimatedModule is busy.
12-09 19:20:03.732 11264 11264 I Detox   : AnimatedModule is busy.
12-09 19:20:03.749 11264 11264 I Detox   : AnimatedModule is busy.
12-09 19:20:03.766 11264 11264 I Detox   : AnimatedModule is busy.
12-09 19:20:03.785 11264 11264 I Detox   : AnimatedModule is busy.
12-09 19:20:03.801 11264 11264 I Detox   : AnimatedModule is busy.
12-09 19:20:03.816 11264 11264 I Detox   : AnimatedModule is busy.
12-09 19:20:03.836 11264 11264 W MotionEvents: Overslept and turned a tap into a long press
12-09 19:20:04.465 11264 11264 I Detox   : UIManagerModule is busy
12-09 19:20:04.537 11264 11310 I DetoxWSClient: Sending out action