--------- beginning of main
12-09 10:41:49.006  7106  7106 I Detox   : AnimatedModule is busy.
12-09 10:41:49.022  7106  7106 I Detox   : AnimatedModule is busy.
12-09 10:41:49.033  7106  7106 I Detox   : AnimatedModule is busy.
12-09 10:41:49.050  7106  7106 I Detox   : AnimatedModule is busy.
12-09 10:41:49.067  7106  7106 I Detox   : AnimatedModule is busy.
12-09 10:41:49.083  7106  7106 I Detox   : AnimatedModule is busy.
12-09 10:41:49.100  7106  7106 I Detox   : AnimatedModule is busy.
12-09 10:41:49.118  7106  7106 I Detox   : AnimatedModule is busy.
12-09 10:41:49.133  7106  7106 I Detox   : AnimatedModule is busy.
12-09 10:41:49.150  7106  7106 I Detox   : AnimatedModule is busy.
12-09 10:41:49.167  7106  7106 I Detox   : AnimatedModule is busy.
12-09 10:41:49.185  7106  7106 I Detox   : AnimatedModule is busy.
12-09 10:41:49.200  7106  7106 I Detox   : AnimatedModule is busy.
12-09 10:41:49.217  7106  7106 I Detox   : AnimatedModule is busy.
12-09 10:41:49.234  7106  7106 I Detox   : AnimatedModule is busy.
12-09 10:41:49.254  7106  7106 W MotionEvents: Overslept and turned a tap into a long press
12-09 10:41:49.924  7106  7172 I DetoxWSClient: Sending out action 'invokeResult' (ID #5)
12-09 10:41:49.924  7106  7172 I DetoxDispatcher: Done with action 'invoke'
12-09 10:41:49.935  7106  7175 D DetoxWSClient: Received action 'invoke' (ID #6, params={"target":{"type":"Class","value":"com.wix.detox.espresso.DetoxAssertion"},"method":"assertMatcher","args":[{"type":"Invocation","value":{"target":{"type":"Class","value":"androidx.test.espresso.Espresso"},"method":"onView","args":[{"type":"Invocation","value":{"target":{"type":"Class","value":"com.wix.detox.espresso.DetoxMatcher"},"method":"matcherForTestId","args":["done"]}}]}},{"type":"Invocation","value":{"target":{"type":"Class","value":"com.wix.detox.espresso.DetoxMatcher"},"method":"matcherForNot","args":[{"type":"Invocation","value":{"target":{"type":"Class","value":"com.wix.detox.espresso.DetoxMatcher"},"method":"matcherForSufficientlyVisible","args":[{"type":"Integer","value":75}]}}]}}]})
12-09 10:41:49.936  7106  7172 I DetoxDispatcher: Handling action 'invoke' (ID #6)...
12-09 10:41:49.936  7106  7172 D Detox   : class com.wix.detox.espresso.DetoxMatcher, matcherForTestId, [done]
12-09 10:41:49.936  7106  7172 D Detox   : class androidx.test.espresso.Espresso, onView, [(view.getTag() is "done" and view has effective visibility <VISIBLE>)]
12-09 10:41:49.937  7106  7172 D Detox   : class com.wix.detox.espresso.DetoxMatcher, matcherForSufficientlyVisible, [75]
12-09 10:41:49.937  7106  7172 D Detox   : class com.wix.detox.espresso.DetoxMatcher, matcherForNot, [(view has effective visibility <VISIBLE> and view.getGlobalVisibleRect() covers at least <75> percent of the view's area)]
12-09 10:41:49.938  7106  7172 D Detox   : class com.wix.detox.espresso.DetoxAssertion, assertMatcher, [androidx.test.espresso.ViewInteraction@6058a66, not (view has effective visibility <VISIBLE> and view.getGlobalVisibleRect() covers at least <75> percent of the view's area)]
12-09 10:41:49.953  7106  7106 I ViewInteraction: Checking 'MatchesViewAssertion(Detox){viewMatcher=not (view has effective visibility <VISIBLE> and view.getGlobalVisibleRect() covers at least <75> percent of the view's area)}' assertion on view (view.getTag() is "done" and view has effective visibility <VISIBLE>)
12-09 10:41:49.954  7106  7172 I DetoxWSClient: Sending out action 'invokeResult' (ID #6)
12-09 10:41:49.954  7106  7172 I DetoxDispatcher: Done with action 'invoke'
12-09 10:41:50.008  7106  7175 D DetoxWSClient: Received action 'invoke' (ID #7, params={"target":{"type":"Class","value":"com.wix.detox.espresso.EspressoDetox"},"method":"perform","args":[{"type":"Invocation","value":{"target":{"type":"Class","value":"androidx.test.espresso.Espresso"},"method":"onView","args":[{"type":"Invocation","value":{"target":{"type":"Class","value":"com.wix.detox.espresso.DetoxMatcher"},"method":"matcherForTestId","args":["getLocalHashInfo"]}}]}},{"type":"Invocation","value":{"target":{"type":"Class","value":"androidx.test.espresso.action.ViewActions"},"method":"longClick","args":[]}}]})
12-09 10:41:50.008  7106  7172 I DetoxDispatcher: Handling action 'invoke' (ID #7)...
12-09 10:41:50.008  7106  7172 D Detox   : class com.wix.detox.espresso.DetoxMatcher, matcherForTestId, [getLocalHashInfo]
12-09 10:41:50.008  7106  7172 D Detox   : class androidx.test.espresso.Espresso, onView, [(view.getTag() is "getLocalHashInfo" and view has effective visibility <VISIBLE>)]
12-09 10:41:50.008  7106  7172 D Detox   : class androidx.test.espresso.action.ViewActions, longClick, []
12-09 10:41:50.008  7106  7172 D Detox   : class com.wix.detox.espresso.EspressoDetox, perform, [androidx.test.espresso.ViewInteraction@b02ece4, androidx.test.espresso.action.GeneralClickAction@c4854d]
12-09 10:41:50.010  7106  7106 I ViewInteraction: Performing 'long click' action on view (view.getTag() is "getLocalHashInfo" and view has effective visibility <VISIBLE>)
12-09 10:41:50.025  7106  7106 I Detox   : UIManagerModule is busy
12-09 10:41:50.044  7106  7152 D EGL_emulation: app_time_stats: avg=786.20ms min=533.57ms max=1038.82ms count=2
12-09 10:41:50.560  7106  7106 W UiControllerImpl: Waiting for: DYNAMIC_TASKS_HAVE_IDLED for 100 iterations.
12-09 10:41:50.564  7106  7106 I Detox   : UIManagerModule is busy
12-09 10:41:50.577  7106  7106 I Detox   : UIManagerModule is busy
12-09 10:41:50.590  7106  7106 I Detox   : AnimatedModule is busy.
12-09 10:41:50.602  7106  7106 I Detox   : AnimatedModule is busy.
12-09 10:41:50.619  7106  7106 I Detox   : AnimatedModule is busy.
12-09 10:41:50.636  7106  7106 I Detox   : AnimatedModule is busy.
12-09 10:41:50.654  7106  7106 I Detox   : AnimatedModule is busy.
12-09 10:41:50.669  7106  7106 I Detox   : AnimatedModule is busy.
12-09 10:41:50.689  7106  7106 I Detox   : AnimatedModule is busy.
12-09 10:41:50.702  7106  7106 I Detox   : AnimatedModule is busy.
12-09 10:41:50.719  7106  7106 I Detox   : AnimatedModule is busy.
12-09 10:41:50.736  7106  7106 I Detox   : AnimatedModule is busy.
12-09 10:41:50.754  7106  7106 I Detox   : AnimatedModule is busy.
12-09 10:41:50.769  7106  7106 I Detox   : AnimatedModule is busy.
12-09 10:41:50.787  7106  7106 I Detox   : AnimatedModule is busy.
12-09 10:41:50.802  7106  7106 I Detox   : AnimatedModule is busy.
12-09 10:41:50.823  7106  7106 W MotionEvents: Overslept and turned a tap into a long press
12-09 10:41:51.440  7106  7106 I Detox   : UIManagerModule is busy
12-09 10:41:51.451  7106  7106 I Detox   : AnimatedModule is busy.
12-09 10:41:51.466  7106  7106 I Detox   : AnimatedModule is busy.
12-09 10:41:51.485  7106  7106 I Detox   : AnimatedModule is busy.
12-09 10:41:51.500  7106  7106 I Detox   : AnimatedModule is busy.
12-09 10:41:51.519  7106  7106 I Detox   : AnimatedModule is busy.
12-09 10:41:51.535  7106  7106 I Detox   : AnimatedModule is busy.
12-09 10:41:51.555  7106  7106 I Detox   : AnimatedModule is busy.
12-09 10:41:51.568  7106  7106 I Detox   : AnimatedModule is busy.
12-09 10:41:51.584  7106  7106 I Detox   : AnimatedModule is busy.
12-09 10:41:51.600  7106  7106 I Detox   : AnimatedModule is busy.
12-09 10:41:51.617  7106  7106 I Detox   : AnimatedModule is busy.
12-09 10:41:51.634  7106  7106 I Detox   : AnimatedModule is busy.
12-09 10:41:51.650  7106  7106 I Detox   : AnimatedModule is busy.
12-09 10:41:51.667  7106  7106 I Detox   : AnimatedModule is busy.
12-09 10:41:51.683  7106  7106 I Detox   : AnimatedModule is busy.
12-09 10:41:51.773  7106  7172 I DetoxWSClient: Sending out action 'invokeResult' (ID #7)
12-09 10:41:51.773  7106  7172 I DetoxDispatcher: Done with action 'invoke'
12-09 10:41:51.782  7106  7175 D DetoxWSClient: Received action 'invoke' (ID #8, params={"target":{"type":"Class","value":"com.wix.detox.espresso.EspressoDetox"},"method":"perform","args":[{"type":"Invocation","value":{"target":{"type":"Class","value":"androidx.test.espresso.Espresso"},"method":"onView","args":[{"type":"Invocation","value":{"target":{"type":"Class","value":"com.wix.detox.espresso.DetoxMatcher"},"method":"matcherForTestId","args":["submit"]}}]}},{"type":"Invocation","value":{"target":{"type":"Class","value":"androidx.test.espresso.action.ViewActions"},"method":"longClick","args":[]}}]})
12-09 10:41:51.783  7106  7172 I DetoxDispatcher: Handling action 'invoke' (ID #8)...
12-09 10:41:51.783  7106  7172 D Detox   : class com.wix.detox.espresso.DetoxMatcher, matcherForTestId, [submit]
12-09 10:41:51.784  7106  7172 D Detox   : class androidx.test.espresso.Espresso, onView, [(view.getTag() is "submit" and view has effective visibility <VISIBLE>)]
12-09 10:41:51.785  7106  7172 D Detox   : class androidx.test.espresso.action.ViewActions, longClick, []
12-09 10:41:51.785  7106  7172 D Detox   : class com.wix.detox.espresso.EspressoDetox, perform, [androidx.test.espresso.ViewInteraction@fbdef6f, androidx.test.espresso.action.GeneralClickAction@1acf47c]
12-09 10:41:51.789  7106  7106 I ViewInteraction: Performing 'long click' action on view (view.getTag() is "submit" and view has effective visibility <VISIBLE>)
12-09 10:41:51.809  7106  7106 I Detox   : UIManagerModule is busy
12-09 10:41:51.821  7106  7152 D EGL_emulation: app_time_stats: avg=104.53ms min=6.83ms max=998.56ms count=17
12-09 10:41:52.367  7106  7106 W UiControllerImpl: Waiting for: DYNAMIC_TASKS_HAVE_IDLED for 100 iterations.
12-09 10:41:52.409  7106  7106 W UiControllerImpl: Waiting for: DYNAMIC_TASKS_HAVE_IDLED for 100 iterations.
12-09 10:41:52.443  7106  7106 W UiControllerImpl: Waiting for: DYNAMIC_TASKS_HAVE_IDLED for 200 iterations.
12-09 10:41:52.466  7106  7106 I Detox   : UIManagerModule is busy
12-09 10:41:52.478  7106  7106 I Detox   : AnimatedModule is busy.
12-09 10:41:52.485  7106  7106 I Detox   : AnimatedModule is busy.
12-09 10:41:52.504  7106  7106 I Detox   : AnimatedModule is busy.
12-09 10:41:52.519  7106  7106 I Detox   : AnimatedModule is busy.
12-09 10:41:52.536  7106  7106 I Detox   : AnimatedModule is busy.
12-09 10:41:52.552  7106  7106 I Detox   : AnimatedModule is busy.
12-09 10:41:52.570  7106  7106 I Detox   : AnimatedModule is busy.
12-09 10:41:52.586  7106  7106 I Detox   : AnimatedModule is busy.
12-09 10:41:52.605  7106  7106 I Detox   : AnimatedModule is busy.
12-09 10:41:52.619  7106  7106 I Detox   : AnimatedModule is busy.
12-09 10:41:52.635  7106  7106 I Detox   : AnimatedModule is busy.
12-09 10:41:52.653  7106  7106 I Detox   : AnimatedModule is busy.
12-09 10:41:52.669  7106  7106 I Detox   : AnimatedModule is busy.
12-09 10:41:52.688  7106  7106 I Detox   : AnimatedModule is busy.
12-09 10:41:52.702  7106  7106 I Detox   : AnimatedModule is busy.
12-09 10:41:52.723  7106  7106 W MotionEvents: Overslept and turned a tap into a long press
12-09 10:41:53.341  7106  7106 I Detox   : UIManagerModule is busy
12-09 10:41:53.351  7106  7106 I Detox   : AnimatedModule is busy.
12-09 10:41:53.367  7106  7106 I Detox   : AnimatedModule is busy.
12-09 10:41:53.383  7106  7106 I Detox   : AnimatedModule is busy.
12-09 10:41:53.400  7106  7106 I Detox   : AnimatedModule is busy.
12-09 10:41:53.418  7106  7106 I Detox   : AnimatedModule is busy.
12-09 10:41:53.433  7106  7106 I Detox   : AnimatedModule is busy.
12-09 10:41:53.450  7106  7106 I Detox   : AnimatedModule is busy.
12-09 10:41:53.467  7106  7106 I Detox   : AnimatedModule is busy.
12-09 10:41:53.483  7106  7106 I Detox   : AnimatedModule is busy.
12-09 10:41:53.508  7106  7106 I Detox   : AnimatedModule is busy.
12-09 10:41:53.518  7106  7106 I Detox   : AnimatedModule is busy.
12-09 10:41:53.536  7106  7106 I Detox   : AnimatedModule is busy.
12-09 10:41:53.554  7106  7106 I Detox   : AnimatedModule is busy.
12-09 10:41:53.570  7106  7106 I Detox   : AnimatedModule is busy.
12-09 10:41:53.586  7106  7106 I Detox   : AnimatedModule is busy.
12-09 10:41:53.673  7106  7172 I DetoxWSClient: Sending out action 'invokeResult' (ID #8)
12-09 10:41:53.674  7106  7172 I DetoxDispatcher: Done with action 'invoke'
12-09 10:41:53.683  7106  7175 D DetoxWSClient: Received action 'invoke' (ID #9, params={"target":{"type":"Class","value":"com.wix.detox.espresso.DetoxAssertion"},"method":"assertMatcher","args":[{"type":"Invocation","value":{"target":{"type":"Class","value":"androidx.test.espresso.Espresso"},"method":"onView","args":[{"type":"Invocation","value":{"target":{"type":"Class","value":"com.wix.detox.espresso.DetoxMatcher"},"method":"matcherForText","args":["done"]}}]}},{"type":"Invocation","value":{"target":{"type":"Class","value":"com.wix.detox.espresso.DetoxMatcher"},"method":"matcherForSufficientlyVisible","args":[{"type":"Integer","value":75}]}}]})
12-09 10:41:53.684  7106  7172 I DetoxDispatcher: Handling action 'invoke' (ID #9)...
12-09 10:41:53.685  7106  7172 D Detox   : class com.wix.detox.espresso.DetoxMatcher, matcherForText, [done]
12-09 10:41:53.686  7106  7172 D Detox   : class androidx.test.espresso.Espresso, onView, [(an instance of android.widget.TextView and view.getText() with or without transformation to match: is "done" and view has effective visibility <VISIBLE>)]
12-09 10:41:53.687  7106  7172 D Detox   : class com.wix.detox.espresso.DetoxMatcher, matcherForSufficientlyVisible, [75]
12-09 10:41:53.687  7106  7172 D Detox   : class com.wix.detox.espresso.DetoxAssertion, assertMatcher, [androidx.test.espresso.ViewInteraction@f3f8b61, (view has effective visibility <VISIBLE> and view.getGlobalVisibleRect() covers at least <75> percent of the view's area)]
12-09 10:41:53.691  7106  7106 I ViewInteraction: Checking 'MatchesViewAssertion(Detox){viewMatcher=(view has effective visibility <VISIBLE> and view.getGlobalVisibleRect() covers at least <75> percent of the view's area)}' assertion on view (an instance of android.widget.TextView and view.getText() with or without transformation to match: is "done" and view has effective visibility <VISIBLE>)
12-09 10:41:53.692  7106  7172 I DetoxWSClient: Sending out action 'invokeResult' (ID #9)
12-09 10:41:53.692  7106  7172 I DetoxDispatcher: Done with action 'invoke'
12-09 10:41:53.707  7106  7175 D DetoxWSClient: Received action 'invoke' (ID #10, params={"target":{"type":"Class","value":"com.wix.detox.espresso.EspressoDetox"},"method":"perform","args":[{"type":"Invocation","value":{"target":{"type":"Class","value":"androidx.test.espresso.Espresso"},"method":"onView","args":[{"type":"Invocation","value":{"target":{"type":"Class","value":"com.wix.detox.espresso.DetoxMatcher"},"method":"matcherForTestId","args":["done"]}}]}},{"type":"Invocation","value":{"target":{"type":"Class","value":"androidx.test.espresso.action.ViewActions"},"method":"longClick","args":[]}}]})
12-09 10:41:53.708  7106  7172 I DetoxDispatcher: Handling action 'invoke' (ID #10)...
12-09 10:41:53.710  7106  7172 D Detox   : class com.wix.detox.espresso.DetoxMatcher, matcherForTestId, [done]
12-09 10:41:53.711  7106  7172 D Detox   : class androidx.test.espresso.Espresso, onView, [(view.getTag() is "done" and view has effective visibility <VISIBLE>)]
12-09 10:41:53.712  7106  7172 D Detox   : class androidx.test.espresso.action.ViewActions, longClick, []
12-09 10:41:53.713  7106  7172 D Detox   : class com.wix.detox.espresso.EspressoDetox, perform, [androidx.test.espresso.ViewInteraction@88c1686, androidx.test.espresso.action.GeneralClickAction@4269b47]
12-09 10:41:53.716  7106  7106 I ViewInteraction: Performing 'long click' action on view (view.getTag() is "done" and view has effective visibility <VISIBLE>)
12-09 10:41:53.728  7106  7106 I Detox   : UIManagerModule is busy
12-09 10:41:53.737  7106  7152 D EGL_emulation: app_time_stats: avg=87.05ms min=9.19ms max=1014.96ms count=22
12-09 10:41:54.265  7106  7106 W UiControllerImpl: Waiting for: DYNAMIC_TASKS_HAVE_IDLED for 100 iterations.
12-09 10:41:54.274  7106  7106 I Detox   : UIManagerModule is busy
12-09 10:41:54.292  7106  7106 I Detox   : AnimatedModule is busy.
12-09 10:41:54.308  7106  7106 I Detox   : AnimatedModule is busy.
12-09 10:41:54.316  7106  7106 I Detox   : AnimatedModule is busy.
12-09 10:41:54.334  7106  7106 I Detox   : AnimatedModule is busy.
12-09 10:41:54.350  7106  7106 I Detox   : AnimatedModule is busy.
12-09 10:41:54.367  7106  7106 I Detox   : AnimatedModule is busy.
12-09 10:41:54.384  7106  7106 I Detox   : AnimatedModule i