--------- beginning of main
12-09 10:42:21.584  7106  7172 I DetoxWSClient: Sending out action 'invokeResult' (ID #35)
12-09 10:42:21.584  7106  7172 I DetoxDispatcher: Done with action 'invoke'
12-09 10:42:21.660  7106  7175 D DetoxWSClient: Received action 'invoke' (ID #36, params={"target":{"type":"Class","value":"com.wix.detox.espresso.EspressoDetox"},"method":"perform","args":[{"type":"Invocation","value":{"target":{"type":"Class","value":"androidx.test.espresso.Espresso"},"method":"onView","args":[{"type":"Invocation","value":{"target":{"type":"Class","value":"com.wix.detox.espresso.DetoxMatcher"},"method":"matcherForTestId","args":["downloadPatchFromPpk"]}}]}},{"type":"Invocation","value":{"target":{"type":"Class","value":"androidx.test.espresso.action.ViewActions"},"method":"longClick","args":[]}}]})
12-09 10:42:21.660  7106  7172 I DetoxDispatcher: Handling action 'invoke' (ID #36)...
12-09 10:42:21.661  7106  7172 D Detox   : class com.wix.detox.espresso.DetoxMatcher, matcherForTestId, [downloadPatchFromPpk]
12-09 10:42:21.661  7106  7172 D Detox   : class androidx.test.espresso.Espresso, onView, [(view.getTag() is "downloadPatchFromPpk" and view has effective visibility <VISIBLE>)]
12-09 10:42:21.661  7106  7172 D Detox   : class androidx.test.espresso.action.ViewActions, longClick, []
12-09 10:42:21.661  7106  7172 D Detox   : class com.wix.detox.espresso.EspressoDetox, perform, [androidx.test.espresso.ViewInteraction@4744955, androidx.test.espresso.action.GeneralClickAction@994f6a]
12-09 10:42:21.663  7106  7106 I ViewInteraction: Performing 'long click' action on view (view.getTag() is "downloadPatchFromPpk" and view has effective visibility <VISIBLE>)
12-09 10:42:21.669  7106  7106 I Detox   : UIManagerModule is busy
12-09 10:42:21.687  7106  7152 D EGL_emulation: app_time_stats: avg=799.67ms min=566.95ms max=1032.38ms count=2
12-09 10:42:22.217  7106  7106 W UiControllerImpl: Waiting for: DYNAMIC_TASKS_HAVE_IDLED for 100 iterations.
12-09 10:42:22.231  7106  7106 W UiControllerImpl: Waiting for: DYNAMIC_TASKS_HAVE_IDLED for 200 iterations.
12-09 10:42:22.243  7106  7106 W UiControllerImpl: Waiting for: DYNAMIC_TASKS_HAVE_IDLED for 300 iterations.
12-09 10:42:22.245  7106  7106 I Detox   : UIManagerModule is busy
12-09 10:42:22.259  7106  7106 I Detox   : UIManagerModule is busy
12-09 10:42:22.274  7106  7106 I Detox   : AnimatedModule is busy.
12-09 10:42:22.286  7106  7106 I Detox   : AnimatedModule is busy.
12-09 10:42:22.303  7106  7106 I Detox   : AnimatedModule is busy.
12-09 10:42:22.318  7106  7106 I Detox   : AnimatedModule is busy.
12-09 10:42:22.336  7106  7106 I Detox   : AnimatedModule is busy.
12-09 10:42:22.352  7106  7106 I Detox   : AnimatedModule is busy.
12-09 10:42:22.369  7106  7106 I Detox   : AnimatedModule is busy.
12-09 10:42:22.386  7106  7106 I Detox   : AnimatedModule is busy.
12-09 10:42:22.403  7106  7106 I Detox   : AnimatedModule is busy.
12-09 10:42:22.419  7106  7106 I Detox   : AnimatedModule is busy.
12-09 10:42:22.436  7106  7106 I Detox   : AnimatedModule is busy.
12-09 10:42:22.453  7106  7106 I Detox   : AnimatedModule is busy.
12-09 10:42:22.469  7106  7106 I Detox   : AnimatedModule is busy.
12-09 10:42:22.486  7106  7106 I Detox   : AnimatedModule is busy.
12-09 10:42:22.508  7106  7106 W MotionEvents: Overslept and turned a tap into a long press
12-09 10:42:23.124  7106  7106 I Detox   : UIManagerModule is busy
12-09 10:42:23.135  7106  7106 I Detox   : AnimatedModule is busy.
12-09 10:42:23.150  7106  7106 I Detox   : AnimatedModule is busy.
12-09 10:42:23.169  7106  7106 I Detox   : AnimatedModule is busy.
12-09 10:42:23.186  7106  7106 I Detox   : AnimatedModule is busy.
12-09 10:42:23.204  7106  7106 I Detox   : AnimatedModule is busy.
12-09 10:42:23.219  7106  7106 I Detox   : AnimatedModule is busy.
12-09 10:42:23.235  7106  7106 I Detox   : AnimatedModule is busy.
12-09 10:42:23.253  7106  7106 I Detox   : AnimatedModule is busy.
12-09 10:42:23.269  7106  7106 I Detox   : AnimatedModule is busy.
12-09 10:42:23.286  7106  7106 I Detox   : AnimatedModule is busy.
12-09 10:42:23.305  7106  7106 I Detox   : AnimatedModule is busy.
12-09 10:42:23.319  7106  7106 I Detox   : AnimatedModule is busy.
12-09 10:42:23.335  7106  7106 I Detox   : AnimatedModule is busy.
12-09 10:42:23.355  7106  7106 I Detox   : AnimatedModule is busy.
12-09 10:42:23.370  7106  7106 I Detox   : AnimatedModule is busy.
12-09 10:42:23.457  7106  7172 I DetoxWSClient: Sending out action 'invokeResult' (ID #36)
12-09 10:42:23.458  7106  7172 I DetoxDispatcher: Done with action 'invoke'
12-09 10:42:23.466  7106  7175 D DetoxWSClient: Received action 'invoke' (ID #37, params={"target":{"type":"Class","value":"com.wix.detox.espresso.EspressoDetox"},"method":"perform","args":[{"type":"Invocation","value":{"target":{"type":"Class","value":"androidx.test.espresso.Espresso"},"method":"onView","args":[{"type":"Invocation","value":{"target":{"type":"Class","value":"com.wix.detox.espresso.DetoxMatcher"},"method":"matcherForTestId","args":["submit"]}}]}},{"type":"Invocation","value":{"target":{"type":"Class","value":"androidx.test.espresso.action.ViewActions"},"method":"longClick","args":[]}}]})
12-09 10:42:23.467  7106  7172 I DetoxDispatcher: Handling action 'invoke' (ID #37)...
12-09 10:42:23.469  7106  7172 D Detox   : class com.wix.detox.espresso.DetoxMatcher, matcherForTestId, [submit]
12-09 10:42:23.470  7106  7172 D Detox   : class androidx.test.espresso.Espresso, onView, [(view.getTag() is "submit" and view has effective visibility <VISIBLE>)]
12-09 10:42:23.471  7106  7172 D Detox   : class androidx.test.espresso.action.ViewActions, longClick, []
12-09 10:42:23.471  7106  7172 D Detox   : class com.wix.detox.espresso.EspressoDetox, perform, [androidx.test.espresso.ViewInteraction@55d4e0d, androidx.test.espresso.action.GeneralClickAction@19061c2]
12-09 10:42:23.474  7106  7106 I ViewInteraction: Performing 'long click' action on view (view.getTag() is "submit" and view has effective visibility <VISIBLE>)
12-09 10:42:23.494  7106  7106 I Detox   : UIManagerModule is busy
12-09 10:42:23.504  7106  7152 D EGL_emulation: app_time_stats: avg=106.88ms min=13.88ms max=997.61ms count=17
12-09 10:42:24.031  7106  7106 W UiControllerImpl: Waiting for: DYNAMIC_TASKS_HAVE_IDLED for 100 iterations.
12-09 10:42:24.038  7106  7106 I Detox   : UIManagerModule is busy
12-09 10:42:24.075  7106  7106 I Detox   : AnimatedModule is busy.
12-09 10:42:24.086  7106  7106 I Detox   : AnimatedModule is busy.
12-09 10:42:24.103  7106  7106 I Detox   : AnimatedModule is busy.
12-09 10:42:24.120  7106  7106 I Detox   : AnimatedModule is busy.
12-09 10:42:24.136  7106  7106 I Detox   : AnimatedModule is busy.
12-09 10:42:24.152  7106  7106 I Detox   : AnimatedModule is busy.
12-09 10:42:24.169  7106  7106 I Detox   : AnimatedModule is busy.
12-09 10:42:24.186  7106  7106 I Detox   : AnimatedModule is busy.
12-09 10:42:24.202  7106  7106 I Detox   : AnimatedModule is busy.
12-09 10:42:24.219  7106  7106 I Detox   : AnimatedModule is busy.
12-09 10:42:24.238  7106  7106 I Detox   : AnimatedModule is busy.
12-09 10:42:24.240  7106  7357 D TrafficStats: tagSocket(141) with statsTag=0xffffffff, statsUid=-1
12-09 10:42:24.252  7106  7106 I Detox   : AnimatedModule is busy.
12-09 10:42:24.269  7106  7106 I Detox   : AnimatedModule is busy.
12-09 10:42:24.286  7106  7106 I Detox   : AnimatedModule is busy.
12-09 10:42:24.306  7106  7106 W MotionEvents: Overslept and turned a tap into a long press
12-09 10:42:24.498  7106  7357 E pushy   : download task failed
12-09 10:42:24.498  7106  7357 E pushy   : java.lang.Error: Server return code 403
12-09 10:42:24.498  7106  7357 E pushy   : 	at cn.reactnative.modules.update.DownloadTask.downloadFile(DownloadTask.java:78)
12-09 10:42:24.498  7106  7357 E pushy   : 	at cn.reactnative.modules.update.DownloadTask.doPatchFromPpk(DownloadTask.java:375)
12-09 10:42:24.498  7106  7357 E pushy   : 	at cn.reactnative.modules.update.DownloadTask.doInBackground(DownloadTask.java:480)
12-09 10:42:24.498  7106  7357 E pushy   : 	at cn.reactnative.modules.update.DownloadTask.doInBackground(DownloadTask.java:36)
12-09 10:42:24.498  7106  7357 E pushy   : 	at android.os.AsyncTask$3.call(AsyncTask.java:394)
12-09 10:42:24.498  7106  7357 E pushy   : 	at java.util.concurrent.FutureTask.run(FutureTask.java:264)
12-09 10:42:24.498  7106  7357 E pushy   : 	at java.util.concurrent.ThreadPoolExecutor.runWorker(ThreadPoolExecutor.java:1137)
12-09 10:42:24.498  7106  7357 E pushy   : 	at java.util.concurrent.ThreadPoolExecutor$Worker.run(ThreadPoolExecutor.java:637)
12-09 10:42:24.498  7106  7357 E pushy   : 	at java.lang.Thread.run(Thread.java:1012)
12-09 10:42:24.538  7106  7106 W UiControllerImpl: Waiting for: DELAY_HAS_PAST for 100 iterations.
12-09 10:42:24.560  7106  7106 W UiControllerImpl: Waiting for: DELAY_HAS_PAST for 200 iterations.
12-09 10:42:24.573  7106  7106 W UiControllerImpl: Waiting for: DELAY_HAS_PAST for 300 iterations.
12-09 10:42:24.585  7106  7106 W UiControllerImpl: Waiting for: DELAY_HAS_PAST for 400 iterations.
12-09 10:42:24.611  7106  7152 D EGL_emulation: app_time_stats: avg=65.05ms min=13.22ms max=555.57ms count=17
12-09 10:42:24.925  7106  7106 I Detox   : UIManagerModule is busy
12-09 10:42:24.934  7106  7106 I Detox   : AnimatedModule is busy.
12-09 10:42:24.951  7106  7106 I Detox   : AnimatedModule is busy.
12-09 10:42:24.967  7106  7106 I Detox   : AnimatedModule is busy.
12-09 10:42:24.983  7106  7106 I Detox   : AnimatedModule is busy.
12-09 10:42:25.001  7106  7106 I Detox   : AnimatedModule is busy.
12-09 10:42:25.017  7106  7106 I Detox   : AnimatedModule is busy.
12-09 10:42:25.034  7106  7106 I Detox   : AnimatedModule is busy.
12-09 10:42:25.051  7106  7106 I Detox   : AnimatedModule is busy.
12-09 10:42:25.068  7106  7106 I Detox   : AnimatedModule is busy.
12-09 10:42:25.084  7106  7106 I Detox   : AnimatedModule is busy.
12-09 10:42:25.100  7106  7106 I Detox   : AnimatedModule is busy.
12-09 10:42:25.125  7106  7106 I Detox   : AnimatedModule is busy.
12-09 10:42:25.133  7106  7106 I Detox   : AnimatedModule is busy.
12-09 10:42:25.152  7106  7106 I Detox   : AnimatedModule is busy.
12-09 10:42:25.169  7106  7106 I Detox   : AnimatedModule is busy.
12-09 10:42:25.258  7106  7172 I DetoxWSClient: Sending out action 'invokeResult' (ID #37)
12-09 10:42:25.259  7106  7172 I DetoxDispatcher: Done with action 'invoke'
12-09 10:42:25.262  7106  7175 D DetoxWSClient: Received action 'invoke' (ID #38, params={"target":{"type":"Class","value":"com.wix.detox.espresso.DetoxAssertion"},"method":"waitForAssertMatcher","args":[{"type":"Invocation","value":{"target":{"type":"Class","value":"androidx.test.espresso.Espresso"},"method":"onView","args":[{"type":"Invocation","value":{"target":{"type":"Class","value":"com.wix.detox.espresso.DetoxMatcher"},"method":"matcherForText","args":["确认"]}}]}},{"type":"Invocation","value":{"target":{"type":"Class","value":"com.wix.detox.espresso.DetoxMatcher"},"method":"matcherForSufficientlyVisible","args":[{"type":"Integer","value":75}]}},{"type":"Double","value":10}]})
12-09 10:42:25.263  7106  7172 I DetoxDispatcher: Handling action 'invoke' (ID #38)...
12-09 10:42:25.263  7106  7172 D Detox   : class com.wix.detox.espresso.DetoxMatcher, matcherForText, [确认]
12-09 10:42:25.264  7106  7172 D Detox   : class androidx.test.espresso.Espresso, onView, [(an instance of android.widget.TextView and view.getText() with or without transformation to match: is "确认" and view has effective visibility <VISIBLE>)]
12-09 10:42:25.264  7106  7172 D Detox   : class com.wix.detox.espresso.DetoxMatcher, matcherForSufficientlyVisible, [75]
12-09 10:42:25.264  7106  7172 D Detox   : class com.wix.detox.espresso.DetoxAssertion, waitForAssertMatcher, [androidx.test.espresso.ViewInteraction@7757a7a, (view has effective visibility <VISIBLE> and view.getGlobalVisibleRect() covers at least <75> percent of the view's area), 10.0]
12-09 10:42:25.266  7106  7106 I ViewInteraction: Checking 'MatchesViewAssertion(Detox){viewMatcher=(view has effective visibility <VISIBLE> and view.getGlobalVisibleRect() covers at least <75> percent of the view's area)}' assertion on view (an instance of android.widget.TextView and view.getText() with or without transformation to match: is "确认" and view has effective visibility <VISIBLE>)
12-09 10:42:25.267  7106  7172 I DetoxWSClient: Sending out action 'invokeResult' (ID #38)
12-09 10:42:25.268  7106  7172 I DetoxDispatcher: Done with action 'invoke'
12-09 10:42:25.271  7106  7175 D DetoxWSClient: Received action 'invoke' (ID #39, params={"target":{"type":"Class","value":"com.wix.detox.espresso.EspressoDetox"},"method":"perform","args":[{"type":"Invocation","value":{"target":{"type":"Class","value":"androidx.test.espresso.Espresso"},"method":"onView","args":[{"type":"Invocation","value":{"target":{"type":"Class","value":"com.wix.detox.espresso.DetoxMatcher"},"method":"matcherForTestId","args":["done"]}}]}},{"type":"Invocation","value":{"target":{"type":"Class","value":"androidx.test.espresso.action.ViewActions"},"method":"longClick","args":[]}}]})
12-09 10:42:25.271  7106  7172 I DetoxDispatcher: Handling action 'invoke' (ID #39)...
12-09 10:42:25.275  7106  7172 D Detox   : class com.wix.detox.espresso.DetoxMatcher, matcherForTestId, [done]
12-09 10:42:25.276  7106  7172 D Detox   : class androidx.test.espresso.Espresso, onView, [(view.getTag() is "done" and view has effective visibility <VISIBLE>)]
12-09 10:42:25.281  7106  7172 D Detox   : class androidx.test.espresso.action.ViewActions, longClick, []
12-09 10:42:25.281  7106  7172 D Detox   : class com.wix.detox.espresso.EspressoDetox, perform, [androidx.test.espresso.ViewInteraction@cb2822b, androidx.test.espresso.action.GeneralClickAction@3ecb688]
12-09 10:42:25.284  7106  7106 I ViewInteraction: Performing 'long click' action on view (view.getTag() is "done" and view has effective visibility <VISIBLE>)
12-09 10:42:25.302  7106  7106 I Detox   : UIManagerModule is busy
12-09 10:42:25.842  7106  7106 W UiControllerImpl: Waiting for: DYNAMIC_TASKS_HAVE_IDLED for 100 iterations.
12-09 10:42:25.848  7106  7106 I Detox   : UIManagerModule is busy
12-09 10:42:25.854  7106  7152 D EGL_emulation: app_time_stats: avg=621.58ms min=533.35ms max=709.82ms count=2
12-09 10:42:25.855  7106  7106 I Detox   : AnimatedModule is busy.
12-09 10:42:25.871  7106  7106 I Detox   : AnimatedModule is busy.
12-09 10:42:25.884  7106  7106 I Detox   : AnimatedModule is busy.
12-09 10:42:25.902  7106  7106 I Detox   : AnimatedModule is busy.
12-09 10:42:25.919  7106  7106 I Detox   : AnimatedModule is busy.
12-09 10:42:25.933  7106  7106 I Detox   : AnimatedModule is busy.
12-09 10:42:25.950  7106  7106 I Detox   : AnimatedModule is busy.
12-09 10:42:25.967  7106  7106 I Detox   : AnimatedModule is busy.
12-09 10:42:25.984  7106  7106 I Detox   : AnimatedModule is busy.
12-09 10:42:26.000  7106  7106 I Detox   : AnimatedModule is busy.
12-09 10:42:26.019  7106  7106 I Detox   : AnimatedModule is busy.
12-09 10:42:26.034  7106  7106 I Detox   : AnimatedModule is busy.
12-09 10:42:26.053  7106  7106 I Detox   : AnimatedModule is busy.
12-09 10:42:26.067  7106  7106 I Detox   : AnimatedModule is busy.
12-09 10:42:26.089  7106  7106 I Detox   : AnimatedModule is busy.
12-09 10:42:26.105  7106  7106 W MotionEvents: Overslept and turned a tap into a long press
12-09 10:42:26.783  7106  7172 I DetoxWSClient: Sending out action 'invokeResult' (ID #39)
12-09 10:42:26.785  7106  7172 I DetoxDispatcher: Done with action 'invoke'
12-09 10:42:26.798  7106  7175 D DetoxWSClient: Received action 'invoke' (ID #40, params={"target":{"type":"Class","value":"com.wix.detox.espresso.DetoxAssertion"},"method":"assertMatcher","args":[{"type":"Invocation","value":{"target":{"type":"Class","value":"androidx.test.espresso.Espresso"},"method":"onView","args":[{"type":"Invocation","value":{"target":{"type":"Class","value":"com.wix.detox.espresso.DetoxMatcher"},"method":"matcherForTestId","args":["done"]}}]}},{"type":"Invocation","value":{"target":{"type":"Class","value":"com.wix.detox.espresso.DetoxMatcher"},"method":"matcherForNot","args":[{"type":"Invocation","value":{"target":{"type":"Class","value":"com.wix.detox.espresso.DetoxMatcher"},"method":"matcherForSufficient