--------- beginning of main
12-09 10:42:11.037  7106  7175 D DetoxWSClient: Received action 'invoke' (ID #27, params={"target":{"type":"Class","value":"com.wix.detox.espresso.EspressoDetox"},"method":"perform","args":[{"type":"Invocation","value":{"target":{"type":"Class","value":"androidx.test.espresso.Espresso"},"method":"onView","args":[{"type":"Invocation","value":{"target":{"type":"Class","value":"com.wix.detox.espresso.DetoxMatcher"},"method":"matcherForTestId","args":["setNeedUpdate"]}}]}},{"type":"Invocation","value":{"target":{"type":"Class","value":"androidx.test.espresso.action.ViewActions"},"method":"longClick","args":[]}}]})
12-09 10:42:11.037  7106  7172 I DetoxDispatcher: Handling action 'invoke' (ID #27)...
12-09 10:42:11.037  7106  7172 D Detox   : class com.wix.detox.espresso.DetoxMatcher, matcherForTestId, [setNeedUpdate]
12-09 10:42:11.037  7106  7172 D Detox   : class androidx.test.espresso.Espresso, onView, [(view.getTag() is "setNeedUpdate" and view has effective visibility <VISIBLE>)]
12-09 10:42:11.037  7106  7172 D Detox   : class androidx.test.espresso.action.ViewActions, longClick, []
12-09 10:42:11.038  7106  7172 D Detox   : class com.wix.detox.espresso.EspressoDetox, perform, [androidx.test.espresso.ViewInteraction@4b01566, androidx.test.espresso.action.GeneralClickAction@86260a7]
12-09 10:42:11.042  7106  7106 I ViewInteraction: Performing 'long click' action on view (view.getTag() is "setNeedUpdate" and view has effective visibility <VISIBLE>)
12-09 10:42:11.058  7106  7106 I Detox   : UIManagerModule is busy
12-09 10:42:11.072  7106  7152 D EGL_emulation: app_time_stats: avg=808.51ms min=553.38ms max=1063.65ms count=2
12-09 10:42:11.639  7106  7106 W UiControllerImpl: Waiting for: DYNAMIC_TASKS_HAVE_IDLED for 100 iterations.
12-09 10:42:11.660  7106  7106 W UiControllerImpl: Waiting for: DYNAMIC_TASKS_HAVE_IDLED for 200 iterations.
12-09 10:42:11.665  7106  7106 W UiControllerImpl: Waiting for: DYNAMIC_TASKS_HAVE_IDLED for 300 iterations.
12-09 10:42:11.676  7106  7106 I Detox   : UIManagerModule is busy
12-09 10:42:11.690  7106  7106 I Detox   : AnimatedModule is busy.
12-09 10:42:11.702  7106  7106 I Detox   : AnimatedModule is busy.
12-09 10:42:11.719  7106  7106 I Detox   : AnimatedModule is busy.
12-09 10:42:11.736  7106  7106 I Detox   : AnimatedModule is busy.
12-09 10:42:11.752  7106  7106 I Detox   : AnimatedModule is busy.
12-09 10:42:11.769  7106  7106 I Detox   : AnimatedModule is busy.
12-09 10:42:11.788  7106  7106 I Detox   : AnimatedModule is busy.
12-09 10:42:11.802  7106  7106 I Detox   : AnimatedModule is busy.
12-09 10:42:11.819  7106  7106 I Detox   : AnimatedModule is busy.
12-09 10:42:11.836  7106  7106 I Detox   : AnimatedModule is busy.
12-09 10:42:11.853  7106  7106 I Detox   : AnimatedModule is busy.
12-09 10:42:11.869  7106  7106 I Detox   : AnimatedModule is busy.
12-09 10:42:11.888  7106  7106 I Detox   : AnimatedModule is busy.
12-09 10:42:11.903  7106  7106 I Detox   : AnimatedModule is busy.
12-09 10:42:11.924  7106  7106 W MotionEvents: Overslept and turned a tap into a long press
12-09 10:42:12.542  7106  7106 I Detox   : UIManagerModule is busy
12-09 10:42:12.552  7106  7106 I Detox   : AnimatedModule is busy.
12-09 10:42:12.567  7106  7106 I Detox   : AnimatedModule is busy.
12-09 10:42:12.583  7106  7106 I Detox   : AnimatedModule is busy.
12-09 10:42:12.600  7106  7106 I Detox   : AnimatedModule is busy.
12-09 10:42:12.601  7106  7334 D TrafficStats: tagSocket(101) with statsTag=0xffffffff, statsUid=-1
12-09 10:42:12.617  7106  7106 I Detox   : AnimatedModule is busy.
12-09 10:42:12.636  7106  7106 I Detox   : AnimatedModule is busy.
12-09 10:42:12.651  7106  7106 I Detox   : AnimatedModule is busy.
12-09 10:42:12.667  7106  7106 I Detox   : AnimatedModule is busy.
12-09 10:42:12.684  7106  7106 I Detox   : AnimatedModule is busy.
12-09 10:42:12.703  7106  7106 I Detox   : AnimatedModule is busy.
12-09 10:42:12.720  7106  7106 I Detox   : AnimatedModule is busy.
12-09 10:42:12.733  7106  7106 I Detox   : AnimatedModule is busy.
12-09 10:42:12.750  7106  7106 I Detox   : AnimatedModule is busy.
12-09 10:42:12.772  7106  7106 I Detox   : AnimatedModule is busy.
12-09 10:42:12.786  7106  7106 I Detox   : AnimatedModule is busy.
12-09 10:42:12.873  7106  7172 I DetoxWSClient: Sending out action 'invokeResult' (ID #27)
12-09 10:42:12.874  7106  7172 I DetoxDispatcher: Done with action 'invoke'
12-09 10:42:12.882  7106  7175 D DetoxWSClient: Received action 'invoke' (ID #28, params={"target":{"type":"Class","value":"com.wix.detox.espresso.EspressoDetox"},"method":"perform","args":[{"type":"Invocation","value":{"target":{"type":"Class","value":"androidx.test.espresso.Espresso"},"method":"onView","args":[{"type":"Invocation","value":{"target":{"type":"Class","value":"com.wix.detox.espresso.DetoxMatcher"},"method":"matcherForTestId","args":["submit"]}}]}},{"type":"Invocation","value":{"target":{"type":"Class","value":"androidx.test.espresso.action.ViewActions"},"method":"longClick","args":[]}}]})
12-09 10:42:12.882  7106  7172 I DetoxDispatcher: Handling action 'invoke' (ID #28)...
12-09 10:42:12.883  7106  7172 D Detox   : class com.wix.detox.espresso.DetoxMatcher, matcherForTestId, [submit]
12-09 10:42:12.884  7106  7172 D Detox   : class androidx.test.espresso.Espresso, onView, [(view.getTag() is "submit" and view has effective visibility <VISIBLE>)]
12-09 10:42:12.885  7106  7172 D Detox   : class androidx.test.espresso.action.ViewActions, longClick, []
12-09 10:42:12.885  7106  7172 D Detox   : class com.wix.detox.espresso.EspressoDetox, perform, [androidx.test.espresso.ViewInteraction@d826b3e, androidx.test.espresso.action.GeneralClickAction@d28bd9f]
12-09 10:42:12.888  7106  7106 I ViewInteraction: Performing 'long click' action on view (view.getTag() is "submit" and view has effective visibility <VISIBLE>)
12-09 10:42:12.905  7106  7106 I Detox   : UIManagerModule is busy
12-09 10:42:12.921  7106  7152 D EGL_emulation: app_time_stats: avg=108.64ms min=13.92ms max=998.32ms count=17
12-09 10:42:13.452  7106  7106 W UiControllerImpl: Waiting for: DYNAMIC_TASKS_HAVE_IDLED for 100 iterations.
12-09 10:42:13.464  7106  7106 E pushy   : switchVersionLater failed
12-09 10:42:13.464  7106  7106 E pushy   : java.lang.Error: Bundle version 9D5CE6EBA420717BE7E7D308B11F8207681B066C951D68F3994D19828F342474 not found.
12-09 10:42:13.464  7106  7106 E pushy   : 	at cn.reactnative.modules.update.UpdateContext.switchVersion(UpdateContext.java:145)
12-09 10:42:13.464  7106  7106 E pushy   : 	at cn.reactnative.modules.update.UpdateModule$6.run(UpdateModule.java:224)
12-09 10:42:13.464  7106  7106 E pushy   : 	at android.os.Handler.handleCallback(Handler.java:942)
12-09 10:42:13.464  7106  7106 E pushy   : 	at android.os.Handler.dispatchMessage(Handler.java:99)
12-09 10:42:13.464  7106  7106 E pushy   : 	at androidx.test.espresso.base.Interrogator.loopAndInterrogate(Interrogator.java:14)
12-09 10:42:13.464  7106  7106 E pushy   : 	at androidx.test.espresso.base.UiControllerImpl.loopUntil(UiControllerImpl.java:8)
12-09 10:42:13.464  7106  7106 E pushy   : 	at androidx.test.espresso.base.UiControllerImpl.loopMainThreadUntilIdle(UiControllerImpl.java:17)
12-09 10:42:13.464  7106  7106 E pushy   : 	at androidx.test.espresso.base.UiControllerImpl.loopMainThreadForAtLeast(UiControllerImpl.java:9)
12-09 10:42:13.464  7106  7106 E pushy   : 	at androidx.test.espresso.action.MotionEvents.sendDown(MotionEvents.java:12)
12-09 10:42:13.464  7106  7106 E pushy   : 	at androidx.test.espresso.action.Tap$2.sendTap(Tap.java:5)
12-09 10:42:13.464  7106  7106 E pushy   : 	at androidx.test.espresso.action.GeneralClickAction.perform(GeneralClickAction.java:6)
12-09 10:42:13.464  7106  7106 E pushy   : 	at androidx.test.espresso.ViewInteraction$SingleExecutionViewAction.perform(ViewInteraction.java:2)
12-09 10:42:13.464  7106  7106 E pushy   : 	at androidx.test.espresso.ViewInteraction.doPerform(ViewInteraction.java:22)
12-09 10:42:13.464  7106  7106 E pushy   : 	at androidx.test.espresso.ViewInteraction.access$100(ViewInteraction.java:1)
12-09 10:42:13.464  7106  7106 E pushy   : 	at androidx.test.espresso.ViewInteraction$1.call(ViewInteraction.java:2)
12-09 10:42:13.464  7106  7106 E pushy   : 	at androidx.test.espresso.ViewInteraction$1.call(ViewInteraction.java:1)
12-09 10:42:13.464  7106  7106 E pushy   : 	at java.util.concurrent.FutureTask.run(FutureTask.java:264)
12-09 10:42:13.464  7106  7106 E pushy   : 	at android.os.Handler.handleCallback(Handler.java:942)
12-09 10:42:13.464  7106  7106 E pushy   : 	at android.os.Handler.dispatchMessage(Handler.java:99)
12-09 10:42:13.464  7106  7106 E pushy   : 	at android.os.Looper.loopOnce(Looper.java:201)
12-09 10:42:13.464  7106  7106 E pushy   : 	at android.os.Looper.loop(Looper.java:288)
12-09 10:42:13.464  7106  7106 E pushy   : 	at android.app.ActivityThread.main(ActivityThread.java:7898)
12-09 10:42:13.464  7106  7106 E pushy   : 	at java.lang.reflect.Method.invoke(Native Method)
12-09 10:42:13.464  7106  7106 E pushy   : 	at com.android.internal.os.RuntimeInit$MethodAndArgsCaller.run(RuntimeInit.java:548)
12-09 10:42:13.464  7106  7106 E pushy   : 	at com.android.internal.os.ZygoteInit.main(ZygoteInit.java:936)
12-09 10:42:13.472  7106  7106 W UiControllerImpl: Waiting for: DYNAMIC_TASKS_HAVE_IDLED for 200 iterations.
12-09 10:42:13.485  7106  7106 W UiControllerImpl: Waiting for: DYNAMIC_TASKS_HAVE_IDLED for 300 iterations.
12-09 10:42:13.506  7106  7106 W UiControllerImpl: Waiting for: DYNAMIC_TASKS_HAVE_IDLED for 400 iterations.
12-09 10:42:13.511  7106  7106 W UiControllerImpl: Waiting for: DYNAMIC_TASKS_HAVE_IDLED for 500 iterations.
12-09 10:42:13.524  7106  7106 W UiControllerImpl: Waiting for: DYNAMIC_TASKS_HAVE_IDLED for 600 iterations.
12-09 10:42:13.529  7106  7106 I Detox   : UIManagerModule is busy
12-09 10:42:13.545  7106  7106 I Detox   : AnimatedModule is busy.
12-09 10:42:13.555  7106  7106 I Detox   : AnimatedModule is busy.
12-09 10:42:13.569  7106  7106 I Detox   : AnimatedModule is busy.
12-09 10:42:13.586  7106  7106 I Detox   : AnimatedModule is busy.
12-09 10:42:13.603  7106  7106 I Detox   : AnimatedModule is busy.
12-09 10:42:13.619  7106  7106 I Detox   : AnimatedModule is busy.
12-09 10:42:13.636  7106  7106 I Detox   : AnimatedModule is busy.
12-09 10:42:13.653  7106  7106 I Detox   : AnimatedModule is busy.
12-09 10:42:13.669  7106  7106 I Detox   : AnimatedModule is busy.
12-09 10:42:13.688  7106  7106 I Detox   : AnimatedModule is busy.
12-09 10:42:13.703  7106  7106 I Detox   : AnimatedModule is busy.
12-09 10:42:13.720  7106  7106 I Detox   : AnimatedModule is busy.
12-09 10:42:13.737  7106  7106 I Detox   : AnimatedModule is busy.
12-09 10:42:13.754  7106  7106 I Detox   : AnimatedModule is busy.
12-09 10:42:13.769  7106  7106 I Detox   : AnimatedModule is busy.
12-09 10:42:13.791  7106  7106 W MotionEvents: Overslept and turned a tap into a long press
12-09 10:42:14.406  7106  7106 I Detox   : UIManagerModule is busy
12-09 10:42:14.418  7106  7106 I Detox   : AnimatedModule is busy.
12-09 10:42:14.433  7106  7106 I Detox   : AnimatedModule is busy.
12-09 10:42:14.451  7106  7106 I Detox   : AnimatedModule is busy.
12-09 10:42:14.467  7106  7106 I Detox   : AnimatedModule is busy.
12-09 10:42:14.489  7106  7106 I Detox   : AnimatedModule is busy.
12-09 10:42:14.504  7106  7106 I Detox   : AnimatedModule is busy.
12-09 10:42:14.521  7106  7106 I Detox   : AnimatedModule is busy.
12-09 10:42:14.538  7106  7106 I Detox   : AnimatedModule is busy.
12-09 10:42:14.551  7106  7106 I Detox   : AnimatedModule is busy.
12-09 10:42:14.571  7106  7106 I Detox   : AnimatedModule is busy.
12-09 10:42:14.587  7106  7106 I Detox   : AnimatedModule is busy.
12-09 10:42:14.603  7106  7106 I Detox   : AnimatedModule is busy.
12-09 10:42:14.612  7106  7336 D TrafficStats: tagSocket(5) with statsTag=0xffffffff, statsUid=-1
12-09 10:42:14.617  7106  7106 I Detox   : AnimatedModule is busy.
12-09 10:42:14.634  7106  7106 I Detox   : AnimatedModule is busy.
12-09 10:42:14.651  7106  7106 I Detox   : AnimatedModule is busy.
12-09 10:42:14.739  7106  7172 I DetoxWSClient: Sending out action 'invokeResult' (ID #28)
12-09 10:42:14.741  7106  7172 I DetoxDispatcher: Done with action 'invoke'
12-09 10:42:14.748  7106  7175 D DetoxWSClient: Received action 'invoke' (ID #29, params={"target":{"type":"Class","value":"com.wix.detox.espresso.DetoxAssertion"},"method":"assertMatcher","args":[{"type":"Invocation","value":{"target":{"type":"Class","value":"androidx.test.espresso.Espresso"},"method":"onView","args":[{"type":"Invocation","value":{"target":{"type":"Class","value":"com.wix.detox.espresso.DetoxMatcher"},"method":"matcherForText","args":["done"]}}]}},{"type":"Invocation","value":{"target":{"type":"Class","value":"com.wix.detox.espresso.DetoxMatcher"},"method":"matcherForSufficientlyVisible","args":[{"type":"Integer","value":75}]}}]})
12-09 10:42:14.749  7106  7172 I DetoxDispatcher: Handling action 'invoke' (ID #29)...
12-09 10:42:14.750  7106  7172 D Detox   : class com.wix.detox.espresso.DetoxMatcher, matcherForText, [done]
12-09 10:42:14.751  7106  7172 D Detox   : class androidx.test.espresso.Espresso, onView, [(an instance of android.widget.TextView and view.getText() with or without transformation to match: is "done" and view has effective visibility <VISIBLE>)]
12-09 10:42:14.752  7106  7172 D Detox   : class com.wix.detox.espresso.DetoxMatcher, matcherForSufficientlyVisible, [75]
12-09 10:42:14.753  7106  7172 D Detox   : class com.wix.detox.espresso.DetoxAssertion, assertMatcher, [androidx.test.espresso.ViewInteraction@cc08011, (view has effective visibility <VISIBLE> and view.getGlobalVisibleRect() covers at least <75> percent of the view's area)]
12-09 10:42:14.755  7106  7106 I ViewInteraction: Checking 'MatchesViewAssertion(Detox){viewMatcher=(view has effective visibility <VISIBLE> and view.getGlobalVisibleRect() covers at least <75> percent of the view's area)}' assertion on view (an instance of android.widget.TextView and view.getText() with or without transformation to match: is "done" and view has effective visibility <VISIBLE>)
12-09 10:42:14.757  7106  7172 I DetoxWSClient: Sending out action 'invokeResult' (ID #29)
12-09 10:42:14.759  7106  7172 I DetoxDispatcher: Done with action 'invoke'
12-09 10:42:14.765  7106  7175 D DetoxWSClient: Received action 'invoke' (ID #30, params={"target":{"type":"Class","value":"com.wix.detox.espresso.EspressoDetox"},"method":"perform","args":[{"type":"Invocation","value":{"target":{"type":"Class","value":"androidx.test.espresso.Espresso"},"method":"onView","args":[{"type":"Invocation","value":{"target":{"type":"Class","value":"com.wix.detox.espresso.DetoxMatcher"},"method":"matcherForTestId","args":["done"]}}]}},{"type":"Invocation","value":{"target":{"type":"Class","value":"androidx.test.espresso.action.ViewActions"},"method":"longClick","args":[]}}]})
12-09 10:42:14.765  7106  7172 I DetoxDispatcher: Handling action 'invoke' (ID #30)...
12-09 10:42:14.766  7106  7172 D Detox   : class com.wix.detox.espresso.DetoxMatcher, matcherForTestId, [done]
12-09 10:42:14.767  7106  7172 D Detox   : class androidx.test.espresso.Espresso, onView, [(view.getTag() is "done" and view has effective visibility <VISIBLE>)]
12-09 10:42:14.767  7106  7172 D Detox   : class androidx.test.espresso.action.ViewActions, longClick, []
12-09 10:42:14.768  7106  7172 D Detox   : class com.wix.detox.espresso.EspressoDetox, perform, [androidx.test.espresso.ViewInteraction@321e576, androidx.test.espresso.action.GeneralClickAction@89cd777]
12-09 10:42:14.769  7106  7106 I ViewInteraction: Performing 'long click' action on view (view.getTag() is "done" and view has effective visibility <VISIBLE>)
12-09 10:42:14.787  7106  7106 I Detox   : UIManagerModule is busy
12-09 10:42:14.804  7106  7152 D EGL_emulation: app_time_stats: avg=110.68ms min=12.86ms max=1013.28ms count=17
12-09 10:42:15.336  7106  7106 W UiControllerImpl: Waiting for: DYNAMIC_TASKS_HAVE_IDLED for 100 iterations.
12-09 10:42:15.345  7106  7106 I Detox   : UIManagerModule is busy
12-09 10:42:15.357  7106  7106 I Detox   : AnimatedModule is busy.
12-09 10:42:15.372  7106  7106 I Detox   : AnimatedModule is busy.
12-09 10:42:15.383  7106  7106 I Detox   : AnimatedModule is busy.
12-09 10:42: