--------- beginning of main
12-09 19:19:56.368 11264 11264 D CompatibilityChangeReporter: Compat change id reported: 171979766; UID 10163; state: ENABLED
--------- beginning of system
12-09 19:19:56.371 11264 11264 W ActivityThread: Package uses different ABI(s) than its instrumentation: package[com.awesomeproject]: arm64-v8a, null instrumentation[com.awesomeproject.test]: null, null
12-09 19:19:56.373 11264 11264 W .awesomeproject: ClassLoaderContext classpath size mismatch. expected=0, found=1 (PCL[] | PCL[/system/framework/android.test.runner.jar*2256426886])
12-09 19:19:56.373 11264 11264 W .awesomeproject: ClassLoaderContext classpath size mismatch. expected=0, found=2 (PCL[] | PCL[/system/framework/android.test.runner.jar*2256426886:/system/framework/android.test.mock.jar*849501951])
12-09 19:19:56.374 11264 11264 W .awesomeproject: ClassLoaderContext classpath size mismatch. expected=0, found=3 (PCL[]{PCL[/system/framework/android.test.base.jar*1628045882]#PCL[/system/framework/android.test.mock.jar*849501951]#PCL[/system/framework/android.test.runner.jar*2256426886]{PCL[/system/framework/android.test.base.jar*1628045882]#PCL[/system/framework/android.test.mock.jar*849501951]}} | PCL[/system/framework/android.test.runner.jar*2256426886:/system/framework/android.test.mock.jar*849501951:/system/framework/android.test.base.jar*1628045882])
12-09 19:19:56.374 11264 11264 W .awesomeproject: ClassLoaderContext classpath size mismatch. expected=0, found=4 (PCL[] | PCL[/system/framework/android.test.runner.jar*2256426886:/system/framework/android.test.mock.jar*849501951:/system/framework/android.test.base.jar*1628045882:/data/app/~~PK2dTJZigW1bcqebTvmgeg==/com.awesomeproject.test-9Oxf7qkbJX_s5RUEDVB1Qg==/base.apk*1118042518])
12-09 19:19:56.385 11264 11264 V GraphicsEnvironment: ANGLE Developer option for 'com.awesomeproject' set to: 'default'
12-09 19:19:56.385 11264 11264 V GraphicsEnvironment: ANGLE GameManagerService for com.awesomeproject: false
12-09 19:19:56.385 11264 11264 V GraphicsEnvironment: Neither updatable production driver nor prerelease driver is supported.
12-09 19:19:56.385 11264 11264 D ApplicationLoaders: Returning zygote-cached class loader: /system/framework/android.test.base.jar
12-09 19:19:56.386 11264 11264 D ApplicationLoaders: Returning zygote-cached class loader: /system/framework/android.test.base.jar
12-09 19:19:56.391 11264 11264 W .awesomeproject: ClassLoaderContext shared library size mismatch. Expected=0, found=2 (PCL[] | PCL[]{PCL[/system/framework/android.test.base.jar*1628045882]#PCL[/system/framework/android.test.mock.jar*849501951]})
12-09 19:19:56.396 11264 11264 W .awesomeproject: ClassLoaderContext shared library size mismatch. Expected=0, found=3 (PCL[] | PCL[]{PCL[/system/framework/android.test.base.jar*1628045882]#PCL[/system/framework/android.test.mock.jar*849501951]#PCL[/system/framework/android.test.runner.jar*2256426886]{PCL[/system/framework/android.test.base.jar*1628045882]#PCL[/system/framework/android.test.mock.jar*849501951]}};PCL[/system/framework/android.test.runner.jar*2256426886:/system/framework/android.test.mock.jar*849501951:/system/framework/android.test.base.jar*1628045882:/data/app/~~PK2dTJZigW1bcqebTvmgeg==/com.awesomeproject.test-9Oxf7qkbJX_s5RUEDVB1Qg==/base.apk*1118042518:/data/app/~~OQgSDWKj2eEHALBjuzY0Gg==/com.awesomeproject-D-orI0oBpFq8mZL0ns4ccw==/base.apk*3113764472])
12-09 19:19:56.396 11264 11264 W .awesomeproject: ClassLoaderContext classpath size mismatch. expected=0, found=1 (PCL[] | PCL[/system/framework/android.test.runner.jar*2256426886]{PCL[/system/framework/android.test.base.jar*1628045882]#PCL[/system/framework/android.test.mock.jar*849501951]#PCL[/system/framework/android.test.runner.jar*2256426886]{PCL[/system/framework/android.test.base.jar*1628045882]#PCL[/system/framework/android.test.mock.jar*849501951]}};PCL[/system/framework/android.test.runner.jar*2256426886:/system/framework/android.test.mock.jar*849501951:/system/framework/android.test.base.jar*1628045882:/data/app/~~PK2dTJZigW1bcqebTvmgeg==/com.awesomeproject.test-9Oxf7qkbJX_s5RUEDVB1Qg==/base.apk*1118042518:/data/app/~~OQgSDWKj2eEHALBjuzY0Gg==/com.awesomeproject-D-orI0oBpFq8mZL0ns4ccw==/base.apk*3113764472])
12-09 19:19:56.397 11264 11264 W .awesomeproject: ClassLoaderContext classpath size mismatch. expected=0, found=2 (PCL[] | PCL[/system/framework/android.test.runner.jar*2256426886:/system/framework/android.test.mock.jar*849501951]{PCL[/system/framework/android.test.base.jar*1628045882]#PCL[/system/framework/android.test.mock.jar*849501951]#PCL[/system/framework/android.test.runner.jar*2256426886]{PCL[/system/framework/android.test.base.jar*1628045882]#PCL[/system/framework/android.test.mock.jar*849501951]}};PCL[/system/framework/android.test.runner.jar*2256426886:/system/framework/android.test.mock.jar*849501951:/system/framework/android.test.base.jar*1628045882:/data/app/~~PK2dTJZigW1bcqebTvmgeg==/com.awesomeproject.test-9Oxf7qkbJX_s5RUEDVB1Qg==/base.apk*1118042518:/data/app/~~OQgSDWKj2eEHALBjuzY0Gg==/com.awesomeproject-D-orI0oBpFq8mZL0ns4ccw==/base.apk*3113764472])
12-09 19:19:56.397 11264 11264 W .awesomeproject: ClassLoaderContext classpath size mismatch. expected=0, found=3 (PCL[]{PCL[/system/framework/android.test.base.jar*1628045882]#PCL[/system/framework/android.test.mock.jar*849501951]#PCL[/system/framework/android.test.runner.jar*2256426886]{PCL[/system/framework/android.test.base.jar*1628045882]#PCL[/system/framework/android.test.mock.jar*849501951]}} | PCL[/system/framework/android.test.runner.jar*2256426886:/system/framework/android.test.mock.jar*849501951:/system/framework/android.test.base.jar*1628045882]{PCL[/system/framework/android.test.base.jar*1628045882]#PCL[/system/framework/android.test.mock.jar*849501951]#PCL[/system/framework/android.test.runner.jar*2256426886]{PCL[/system/framework/android.test.base.jar*1628045882]#PCL[/system/framework/android.test.mock.jar*849501951]}};PCL[/system/framework/android.test.runner.jar*2256426886:/system/framework/android.test.mock.jar*849501951:/system/framework/android.test.base.jar*1628045882:/data/app/~~PK2dTJZigW1bcqebTvmgeg==/com.awesomeproject.test-9Oxf7qkbJX_s5RUEDVB1Qg==/base.apk*1118042518:/data/app/~~OQgSDWKj2eEHALBjuzY0Gg==/com.awesomeproject-D-orI0oBpFq8mZL0ns4ccw==/base.apk*3113764472])
12-09 19:19:56.398 11264 11264 W .awesomeproject: ClassLoaderContext classpath size mismatch. expected=0, found=4 (PCL[] | PCL[/system/framework/android.test.runner.jar*2256426886:/system/framework/android.test.mock.jar*849501951:/system/framework/android.test.base.jar*1628045882:/data/app/~~PK2dTJZigW1bcqebTvmgeg==/com.awesomeproject.test-9Oxf7qkbJX_s5RUEDVB1Qg==/base.apk*1118042518]{PCL[/system/framework/android.test.base.jar*1628045882]#PCL[/system/framework/android.test.mock.jar*849501951]#PCL[/system/framework/android.test.runner.jar*2256426886]{PCL[/system/framework/android.test.base.jar*1628045882]#PCL[/system/framework/android.test.mock.jar*849501951]}};PCL[/system/framework/android.test.runner.jar*2256426886:/system/framework/android.test.mock.jar*849501951:/system/framework/android.test.base.jar*1628045882:/data/app/~~PK2dTJZigW1bcqebTvmgeg==/com.awesomeproject.test-9Oxf7qkbJX_s5RUEDVB1Qg==/base.apk*1118042518:/data/app/~~OQgSDWKj2eEHALBjuzY0Gg==/com.awesomeproject-D-orI0oBpFq8mZL0ns4ccw==/base.apk*3113764472])
12-09 19:19:56.412 11264 11264 D NetworkSecurityConfig: Using Network Security Config from resource network_security_config debugBuild: false
12-09 19:19:56.414 11264 11264 D NetworkSecurityConfig: Using Network Security Config from resource network_security_config debugBuild: false
12-09 19:19:56.420 11264 11264 I MonitoringInstr: Instrumentation started!
12-09 19:19:56.421 11264 11264 V TestEventClient: No service name argument was given (testDiscoveryService, testRunEventService or orchestratorService)
12-09 19:19:56.425 11264 11264 V fb-UnpackingSoSource: locked dso store /data/user/0/com.awesomeproject/lib-main
12-09 19:19:56.425 11264 11264 V fb-UnpackingSoSource: deps mismatch on deps store: regenerating
12-09 19:19:56.425 11264 11264 V fb-UnpackingSoSource: so store dirty: regenerating
12-09 19:19:56.430 11264 11264 D ApkSoSource: not allowing consideration of lib/arm64-v8a/libc++_shared.so: deferring to libdir
12-09 19:19:56.435 11264 11264 D ApkSoSource: not allowing consideration of lib/arm64-v8a/libfabricjni.so: deferring to libdir
12-09 19:19:56.436 11264 11264 D ApkSoSource: not allowing consideration of lib/arm64-v8a/libfb.so: deferring to libdir
12-09 19:19:56.436 11264 11264 D ApkSoSource: not allowing consideration of lib/arm64-v8a/libfbjni.so: deferring to libdir
12-09 19:19:56.436 11264 11264 D ApkSoSource: not allowing consideration of lib/arm64-v8a/libfolly_runtime.so: deferring to libdir
12-09 19:19:56.436 11264 11264 D ApkSoSource: not allowing consideration of lib/arm64-v8a/libglog.so: deferring to libdir
12-09 19:19:56.436 11264 11264 D ApkSoSource: not allowing consideration of lib/arm64-v8a/libglog_init.so: deferring to libdir
12-09 19:19:56.436 11264 11264 D ApkSoSource: not allowing consideration of lib/arm64-v8a/libimagepipeline.so: deferring to libdir
12-09 19:19:56.436 11264 11264 D ApkSoSource: not allowing consideration of lib/arm64-v8a/libjsc.so: deferring to libdir
12-09 19:19:56.436 11264 11264 D ApkSoSource: not allowing consideration of lib/arm64-v8a/libjscexecutor.so: deferring to libdir
12-09 19:19:56.436 11264 11264 D ApkSoSource: not allowing consideration of lib/arm64-v8a/libjsi.so: deferring to libdir
12-09 19:19:56.436 11264 11264 D ApkSoSource: not allowing consideration of lib/arm64-v8a/libjsijniprofiler.so: deferring to libdir
12-09 19:19:56.436 11264 11264 D ApkSoSource: not allowing consideration of lib/arm64-v8a/libjsinspector.so: deferring to libdir
12-09 19:19:56.437 11264 11264 D ApkSoSource: not allowing consideration of lib/arm64-v8a/liblogger.so: deferring to libdir
12-09 19:19:56.437 11264 11264 D ApkSoSource: not allowing consideration of lib/arm64-v8a/libmapbufferjni.so: deferring to libdir
12-09 19:19:56.437 11264 11264 D ApkSoSource: not allowing consideration of lib/arm64-v8a/libnative-filters.so: deferring to libdir
12-09 19:19:56.437 11264 11264 D ApkSoSource: not allowing consideration of lib/arm64-v8a/libnative-imagetranscoder.so: deferring to libdir
12-09 19:19:56.437 11264 11264 D ApkSoSource: not allowing consideration of lib/arm64-v8a/libreact_codegen_rncore.so: deferring to libdir
12-09 19:19:56.437 11264 11264 D ApkSoSource: not allowing consideration of lib/arm64-v8a/libreact_config.so: deferring to libdir
12-09 19:19:56.437 11264 11264 D ApkSoSource: not allowing consideration of lib/arm64-v8a/libreact_debug.so: deferring to libdir
12-09 19:19:56.437 11264 11264 D ApkSoSource: not allowing consideration of lib/arm64-v8a/libreact_nativemodule_core.so: deferring to libdir
12-09 19:19:56.437 11264 11264 D ApkSoSource: not allowing consideration of lib/arm64-v8a/libreact_render_animations.so: deferring to libdir
12-09 19:19:56.437 11264 11264 D ApkSoSource: not allowing consideration of lib/arm64-v8a/libreact_render_attributedstring.so: deferring to libdir
12-09 19:19:56.437 11264 11264 D ApkSoSource: not allowing consideration of lib/arm64-v8a/libreact_render_componentregistry.so: deferring to libdir
12-09 19:19:56.437 11264 11264 D ApkSoSource: not allowing consideration of lib/arm64-v8a/libreact_render_core.so: deferring to libdir
12-09 19:19:56.437 11264 11264 D ApkSoSource: not allowing consideration of lib/arm64-v8a/libreact_render_debug.so: deferring to libdir
12-09 19:19:56.437 11264 11264 D ApkSoSource: not allowing consideration of lib/arm64-v8a/libreact_render_graphics.so: deferring to libdir
12-09 19:19:56.437 11264 11264 D ApkSoSource: not allowing consideration of lib/arm64-v8a/libreact_render_imagemanager.so: deferring to libdir
12-09 19:19:56.437 11264 11264 D ApkSoSource: not allowing consideration of lib/arm64-v8a/libreact_render_leakchecker.so: deferring to libdir
12-09 19:19:56.438 11264 11264 D ApkSoSource: not allowing consideration of lib/arm64-v8a/libreact_render_mapbuffer.so: deferring to libdir
12-09 19:19:56.438 11264 11264 D ApkSoSource: not allowing consideration of lib/arm64-v8a/libreact_render_mounting.so: deferring to libdir
12-09 19:19:56.438 11264 11264 D ApkSoSource: not allowing consideration of lib/arm64-v8a/libreact_render_runtimescheduler.so: deferring to libdir
12-09 19:19:56.438 11264 11264 D ApkSoSource: not allowing consideration of lib/arm64-v8a/libreact_render_scheduler.so: deferring to libdir
12-09 19:19:56.438 11264 11264 D ApkSoSource: not allowing consideration of lib/arm64-v8a/libreact_render_telemetry.so: deferring to libdir
12-09 19:19:56.438 11264 11264 D ApkSoSource: not allowing consideration of lib/arm64-v8a/libreact_render_templateprocessor.so: deferring to libdir
12-09 19:19:56.438 11264 11264 D ApkSoSource: not allowing consideration of lib/arm64-v8a/libreact_render_textlayoutmanager.so: deferring to libdir
12-09 19:19:56.438 11264 11264 D ApkSoSource: not allowing consideration of lib/arm64-v8a/libreact_render_uimanager.so: deferring to libdir
12-09 19:19:56.438 11264 11264 D ApkSoSource: not allowing consideration of lib/arm64-v8a/libreact_utils.so: deferring to libdir
12-09 19:19:56.438 11264 11264 D ApkSoSource: not allowing consideration of lib/arm64-v8a/libreactnativeblob.so: deferring to libdir
12-09 19:19:56.438 11264 11264 D ApkSoSource: not allowing consideration of lib/arm64-v8a/libreactnativejni.so: deferring to libdir
12-09 19:19:56.438 11264 11264 D ApkSoSource: not allowing consideration of lib/arm64-v8a/libreactperfloggerjni.so: deferring to libdir
12-09 19:19:56.438 11264 11264 D ApkSoSource: not allowing consideration of lib/arm64-v8a/librnupdate.so: deferring to libdir
12-09 19:19:56.438 11264 11264 D ApkSoSource: not allowing consideration of lib/arm64-v8a/librrc_image.so: deferring to libdir
12-09 19:19:56.438 11264 11264 D ApkSoSource: not allowing consideration of lib/arm64-v8a/librrc_root.so: deferring to libdir
12-09 19:19:56.438 11264 11264 D ApkSoSource: not allowing consideration of lib/arm64-v8a/librrc_scrollview.so: deferring to libdir
12-09 19:19:56.438 11264 11264 D ApkSoSource: not allowing consideration of lib/arm64-v8a/librrc_text.so: deferring to libdir
12-09 19:19:56.438 11264 11264 D ApkSoSource: not allowing consideration of lib/arm64-v8a/librrc_textinput.so: deferring to libdir
12-09 19:19:56.438 11264 11264 D ApkSoSource: not allowing consideration of lib/arm64-v8a/librrc_unimplementedview.so: deferring to libdir
12-09 19:19:56.438 11264 11264 D ApkSoSource: not allowing consideration of lib/arm64-v8a/librrc_view.so: deferring to libdir
12-09 19:19:56.438 11264 11264 D ApkSoSource: not allowing consideration of lib/arm64-v8a/libruntimeexecutor.so: deferring to libdir
12-09 19:19:56.439 11264 11264 D ApkSoSource: not allowing consideration of lib/arm64-v8a/libturbomodulejsijni.so: deferring to libdir
12-09 19:19:56.439 11264 11264 D ApkSoSource: not allowing consideration of lib/arm64-v8a/libyoga.so: deferring to libdir
12-09 19:19:56.439 11264 11264 V fb-UnpackingSoSource: regenerating DSO store com.facebook.soloader.ApkSoSource
12-09 19:19:56.439 11264 11264 V fb-UnpackingSoSource: Finished regenerating DSO store com.facebook.soloader.ApkSoSource
12-09 19:19:56.439 11264 11264 V fb-UnpackingSoSource: starting syncer worker
12-09 19:19:56.442 11264 11264 V fb-UnpackingSoSource: releasing dso store lock for /data/user/0/com.awesomeproject/lib-main (from syncer thread)
12-09 19:19:56.442 11264 11264 V fb-UnpackingSoSource: not releasing dso store lock for /data/user/0/com.awesomeproject/lib-main (syncer thread started)
12-09 19:19:56.444 11264 11264 D SoLoader: libjscexecutor.so not found on /data/data/com.awesomeproject/lib-main
12-09 19:19:56.444 11264 11264 D SoLoader: libjscexecutor.so found on /data/app/~~OQgSDWKj2eEHALBjuzY0Gg==/com.awesomeproject-D-orI0oBpFq8mZL0ns4ccw==/lib/arm64
12-09 19:19:56.444 11264 11264 D SoLoader: Not resolving dependencies for libjscexecutor.so
12-09 19:19:56.465 11264 11264 D JavaScriptCore.Version: 250230.2.1
12-09 19:19:56.471 11264 11280 I UsageTrackerFacilitator: Usage tracking enabled
12-09 19:19:56.472 11264 11280 I TestRequestBuilder: Scanning classpath to find tests in paths [/data/app/~~PK2dTJZigW1bcqebTvmgeg==/com.awesomeproject.test-9Oxf7qkbJX_s5RUEDVB1Qg==/base.apk]
12-09 19:19:56.472 11264 11280 W .awesomeproject: Opening an oat file without a class loader. Are you using the deprecated DexFile APIs?
12-09 19:19:56.548 11264 11280 W .awesomeproject: Unable to resolve Lcom/google/android/apps/common/testing/accessibility/framework/AccessibilityHierarchyCheckResult; annotation class 6569
12-09 19:19:56.549 11264 11280 W .awesomeproject: Unable to resolve Lcom/google/android/apps/common/testing/accessibility/framework/AccessibilityHierarchyCheckResult; annotation class 6569
12-09 19:19:56.549 11264 11280 W .awesomeproject: Unable to resolve Lcom/google/android/apps/common/testing/accessibility/framework/AccessibilityHierarchyCheckResult; annotation class 6569
12-09 19:19:56.549 11264 11280 W .awesomeproject: Unable to resolve Lcom/google/android/apps/common/testing/accessibility/framework/AccessibilityHierarchyCheckResult; annotation class 6569
12-09 19:19:56.549 11264 11280 W .awesomeproject: Unable to resolve Lcom/google/android/apps/common/testing/accessibility/framework/AccessibilityViewCheckResult; annotation class 6569
12-09 19:19:56.549 11264 11280 W .awesomeproject: Unable to resolve Lcom/google/android/apps/common/testing/accessibility/framework/ClusteringUtils; annotation class 6569
12-09 19:19:56.550 11264 11280 W .awesomeproject: Unable to resolve Lcom/google/android/apps/common/testing/accessibility/framework/Question; annotation class 6569
12-09 19:19:56.550 11264 11280 W .awesomeproject: Unable to resolve Lcom/google/android/apps/common/testing/accessibility/framework/replacements/TextUtils; annotation class 6568
12-09 19:19:56.551 11264 11280 W .awesomeproject: Unable to resolve Lcom/google/android/apps/common/testing/accessibility/framework/uielement/ViewHierarchyElement; annotation class 6569
12-09 19:19:56.551 11264 11280 W .awesomeproject: Unable to resolve Lcom/google/android/apps/common/testing/accessibility/framework/uielement/ViewHierarchyElement; annotation class 6569
12-09 19:19:56.551 11264 11280 W .awesomeproject: Unable to resolve Lcom/google/android/apps/common/testing/accessibility/framework/uielement/ViewHierarchyElement; annotation class 6569
12-09 19:19:56.551 11264 11280 W .awesomeproject: Unable to resolve Lcom/google/android/apps/common/testing/accessibility/framework/uielement/ViewHierarchyElement; annotation class 6569
12-09 19:19:56.551 11264 11280 W .awesomeproject: Unable to resolve Lcom/google/android/apps/common/testing/accessibility/framework/uielement/ViewHierarchyElementAndroid; annotation class 6569
12-09 19:19:56.551 11264 11280 W .awesomeproject: Unable to resolve Lcom/google/android/apps/common/testing/accessibility/framework/uielement/ViewHierarchyElementAndroid; annotation class 6569
12-09 19:19:56.551 11264 11280 W .awesomeproject: Unable to resolve Lcom/google/android/apps/common/testing/accessibility/framework/uielement/ViewHierarchyElementAndroid; annotation class 6569
12-09 19:19:56.552 11264 11280 W .awesomeproject: Unable to resolve Lcom/google/android/apps/common/testing/accessibility/framework/uielement/ViewHierarchyElementAndroid; annotation class 6569
12-09 19:19:56.552 11264 11280 W .awesomeproject: Unable to resolve Lcom/google/android/apps/common/testing/accessibility/framework/uielement/ViewHierarchyElement; annotation class 6569
12-09 19:19:56.552 11264 11280 W .awesomeproject: Unable to resolve Lcom/google/android/apps/common/testing/accessibility/framework/uielement/ViewHierarchyElement; annotation class 6569
12-09 19:19:56.705 11264 11280 D TestExecutor: Adding listener androidx.test.internal.runner.listener.LogRunListener
12-09 19:19:56.706 11264 11280 D TestExecutor: Adding listener androidx.test.internal.runner.listener.InstrumentationResultPrinter
12-09 19:19:56.706 11264 11280 D TestExecutor: Adding listener androidx.test.internal.runner.listener.ActivityFinisherRunListener
12-09 19:19:56.710 11264 11280 I TestRunner: run started: 1 tests
12-09 19:19:56.710 11264 11280 I TestRunner: started: runDetoxTests(com.awesomeproject.DetoxTest)
12-09 19:19:56.712 11264 11280 D EventInjectionStrategy: Creating injection strategy with input manager.
12-09 19:19:56.809 11264 11295 D libEGL  : loaded /vendor/lib64/egl/libEGL_emulation.so
12-09 19:19:56.810 11264 11295 D libEGL  : loaded /vendor/lib64/egl/libGLESv1_CM_emulation.so
12-09 19:19:56.810 11264 11295 D libEGL  : loaded /vendor/lib64/egl/libGLESv2_emulation.so
12-09 19:19:56.861 11264 11264 D LifecycleMonitor: Lifecycle status change: com.awesomeproject.MainActivity@d9275d6 in: PRE_ON_CREATE
12-09 19:19:56.867 11264 11299 D SoLoader: libreactnativejni.so not found on /data/data/com.awesomeproject/lib-main
12-09 19:19:56.867 11264 11299 D SoLoader: libreactnativejni.so found on /data/app/~~OQgSDWKj2eEHALBjuzY0Gg==/com.awesomeproject-D-orI0oBpFq8mZL0ns4ccw==/lib/arm64
12-09 19:19:56.867 11264 11299 D SoLoader: Not resolving dependencies for libreactnativejni.so
12-09 19:19:56.878 11264 11264 D LifecycleMonitor: Lifecycle status change: com.awesomeproject.MainActivity@d9275d6 in: CREATED
12-09 19:19:56.879 11264 11264 D LifecycleMonitor: Lifecycle status change: com.awesomeproject.MainActivity@d9275d6 in: STARTED
12-09 19:19:56.881 11264 11264 D LifecycleMonitor: Lifecycle status change: com.awesomeproject.MainActivity@d9275d6 in: RESUMED
12-09 19:19:56.900 11264 11299 D SoLoader: libfbjni.so not found on /data/data/com.awesomeproject/lib-main
12-09 19:19:56.900 11264 11299 D SoLoader: libfbjni.so found on /data/app/~~OQgSDWKj2eEHALBjuzY0Gg==/com.awesomeproject-D-orI0oBpFq8mZL0ns4ccw==/lib/arm64
12-09 19:19:56.901 11264 11299 D SoLoader: Not resolving dependencies for libfbjni.so
12-09 19:19:56.948 11264 11294 D HostConnection: createUnique: call
12-09 19:19:56.953 11264 11294 D HostConnection: HostConnection::get() New Host Connection established 0xb4000077d3ba6410, tid 11294
12-09 19:19:56.968 11264 11294 D HostConnection: HostComposition ext ANDROID_EMU_CHECKSUM_HELPER_v1 ANDROID_EMU_native_sync_v2 ANDROID_EMU_native_sync_v3 ANDROID_EMU_native_sync_v4 ANDROID_EMU_dma_v1 ANDROID_EMU_direct_mem ANDROID_EMU_host_composition_v1 ANDROID_EMU_host_composition_v2 ANDROID_EMU_vulkan ANDROID_EMU_deferred_vulkan_commands ANDROID_EMU_vulkan_null_optional_strings ANDROID_EMU_vulkan_create_resources_with_requirements ANDROID_EMU_YUV_Cache ANDROID_EMU_vulkan_ignored_handles ANDROID_EMU_has_shared_slots_host_memory_allocator ANDROID_EMU_vulkan_free_memory_sync ANDROID_EMU_vulkan_shader_float16_int8 ANDROID_EMU_vulkan_async_queue_submit ANDROID_EMU_vulkan_queue_submit_with_commands ANDROID_EMU_sync_buffer_data ANDROID_EMU_read_color_buffer_dma ANDROID_EMU_hwc_multi_configs GL_OES_EGL_image_external_essl3 GL_OES_vertex_array_object GL_KHR_texture_compression_astc_ldr ANDROID_EMU_host_side_tracing ANDROID_EMU_gles_max_version_3_0 
12-09 19:19:56.972 11264 11294 W OpenGLRenderer: Failed to choose config with EGL_SWAP_BEHAVIOR_PRESERVED, retrying without...
12-09 19:19:56.972 11264 11294 W OpenGLRenderer: Failed to initialize 101010-2 format, error = EGL_SUCCESS
12-09 19:19:56.973 11264 11294 D EGL_emulation: eglCreateContext: 0xb4000077d3ba6650: maj 3 min 0 rcv 3
12-09 19:19:56.976 11264 11294 D EGL_emulation: eglMakeCurrent: 0xb4000077d3ba6650: ver 3 0 (tinfo 0x79e9d83080) (first time)
12-09 19:19:57.002 11264 11294 I Gralloc4: mapper 4.x is not supported
12-09 19:19:57.006 11264 11294 D HostConnection: createUnique: call
12-09 19:19:57.007 11264 11294 D HostConnection: HostConnection::get() New Host Connection established 0xb4000077d3ba4790, tid 11294
12-09 19:19:57.007 11264 11294 D goldfish-address-space: allocate: Ask for block of size 0x100
12-09 19:19:57.007 11264 11294 D goldfish-address-space: allocate: ioctl allocate returned offset 0x1efff8000 size 0x8000
12-09 19:19:57.031 11264 11299 W unknown:ReactContext: initializeMessageQueueThreads() is called.
12-09 19:19:57.031 11264 11294 W Gralloc4: allocator 4.x is not supported
12-09 19:19:57.038 11264 11294 D HostConnection: HostComposition ext ANDROID_EMU_CHECKSUM_HELPER_v1 ANDROID_EMU_native_sync_v2 ANDROID_EMU_native_sync_v3 ANDROID_EMU_native_sync_v4 ANDROID_EMU_dma_v1 ANDROID_EMU_direct_mem ANDROID_EMU_host_composition_v1 ANDROID_EMU_host_composition_v2 ANDROID_EMU_vulkan ANDROID_EMU_deferred_vulkan_commands ANDROID_EMU_vulkan_null_optional_strings ANDROID_EMU_vulkan_create_resources_with_requirements ANDROID_EMU_YUV_Cache ANDROID_EMU_vulkan_ignored_handles ANDROID_EMU_has_shared_slots_host_memory_allocator ANDROID_EMU_vulkan_free_memory_sync ANDROID_EMU_vulkan_shader_float16_int8 ANDROID_EMU_vulkan_async_queue_submit ANDROID_EMU_vulkan_queue_submit_with_commands ANDROID_EMU_sync_buffer_data ANDROID_EMU_read_color_buffer_dma ANDROID_EMU_hwc_multi_configs GL_OES_EGL_image_external_essl3 GL_OES_vertex_array_object GL_KHR_texture_compression_astc_ldr ANDROID_EMU_host_side_tracing ANDROID_EMU_gles_max_version_3_0 
12-09 19:19:57.063 11264 11302 W unknown:ViewManagerPropertyUpdater: Could not find generated setter for class com.facebook.react.views.drawer.ReactDrawerLayoutManager
12-09 19:19:57.077 11264 11302 W unknown:ViewManagerPropertyUpdater: Could not find generated setter for class com.facebook.react.uimanager.LayoutShadowNode
12-09 19:19:57.078 11264 11302 W unknown:ViewManagerPropertyUpdater: Could not find generated setter for class com.facebook.react.views.scroll.ReactHorizontalScrollViewManager
12-09 19:19:57.079 11264 11302 W unknown:ViewManagerPropertyUpdater: Could not find generated setter for class com.facebook.react.views.scroll.ReactHorizontalScrollContainerViewManager
12-09 19:19:57.079 11264 11302 W unknown:ViewManagerPropertyUpdater: Could not find generated setter for class com.facebook.react.views.progressbar.ReactProgressBarViewManager
12-09 19:19:57.079 11264 11302 W unknown:ViewManagerPropertyUpdater: Could not find generated setter for class com.facebook.react.views.progressbar.ProgressBarShadowNode
12-09 19:19:57.080 11264 11302 W unknown:ViewManagerPropertyUpdater: Could not find generated setter for class com.facebook.react.views.scroll.ReactScrollViewManager
12-09 19:19:57.081 11264 11302 W unknown:ViewManagerPropertyUpdater: Could not find generated setter for class com.facebook.react.views.slider.ReactSliderManager
12-09 19:19:57.084 11264 11302 W unknown:ViewManagerPropertyUpdater: Could not find generated setter for class com.facebook.react.views.slider.ReactSliderManager$ReactSliderShadowNode
12-09 19:19:57.084 11264 11302 W unknown:ViewManagerPropertyUpdater: Could not find generated setter for class com.facebook.react.views.switchview.ReactSwitchManager
12-09 19:19:57.085 11264 11302 W unknown:ViewManagerPropertyUpdater: Could not find generated setter for class com.facebook.react.views.switchview.ReactSwitchManager$ReactSwitchShadowNode
12-09 19:19:57.087 11264 11302 W unknown:ViewManagerPropertyUpdater: Could not find generated setter for class com.facebook.react.views.swiperefresh.SwipeRefreshLayoutManager
12-09 19:19:57.088 11264 11302 W unknown:ViewManagerPropertyUpdater: Could not find generated setter for class com.facebook.react.views.text.frescosupport.FrescoBasedReactTextInlineImageViewManager
12-09 19:19:57.088 11264 11302 W unknown:ViewManagerPropertyUpdater: Could not find generated setter for class com.facebook.react.views.text.frescosupport.FrescoBasedReactTextInlineImageShadowNode
12-09 19:19:57.089 11264 11302 W unknown:ViewManagerPropertyUpdater: Could not find generated setter for class com.facebook.react.views.image.ReactImageManager
12-09 19:19:57.092 11264 11302 W unknown:ViewManagerPropertyUpdater: Could not find generated setter for class com.facebook.react.views.modal.ReactModalHostManager
12-09 19:19:57.092 11264 11302 W unknown:ViewManagerPropertyUpdater: Could not find generated setter for class com.facebook.react.views.modal.ModalHostShadowNode
12-09 19:19:57.093 11264 11302 W unknown:ViewManagerPropertyUpdater: Could not find generated setter for class com.facebook.react.views.text.ReactRawTextManager
12-09 19:19:57.136 11264 11302 W unknown:ViewManagerPropertyUpdater: Could not find generated setter for class com.facebook.react.views.text.ReactRawTextShadowNode
12-09 19:19:57.139 11264 11294 W Parcel  : Expecting binder but got null!
12-09 19:19:57.140 11264 11302 W unknown:ViewManagerPropertyUpdater: Could not find generated setter for class com.facebook.react.views.textinput.ReactTextInputManager
12-09 19:19:57.143 11264 11302 W unknown:ViewManagerPropertyUpdater: Could not find generated setter for class com.facebook.react.views.textinput.ReactTextInputShadowNode
12-09 19:19:57.143 11264 11302 W unknown:ViewManagerPropertyUpdater: Could not find generated setter for class com.facebook.react.views.text.ReactTextViewManager
12-09 19:19:57.151 11264 11280 I Detox   : Detox server connection details: url=ws://localhost:50474, sessionId=9dae0b77-8bec-c6f7-499b-eee2947b20f1
12-09 19:19:57.163 11264 11302 W unknown:ViewManagerPropertyUpdater: Could not find generated setter for class com.facebook.react.views.text.ReactTextShadowNode
12-09 19:19:57.164 11264 11302 W unknown:ViewManagerPropertyUpdater: Could not find generated setter for class com.facebook.react.views.view.ReactViewManager
12-09 19:19:57.169 11264 11302 W unknown:ViewManagerPropertyUpdater: Could not find generated setter for class com.facebook.react.views.text.ReactVirtualTextViewManager
12-09 19:19:57.174 11264 11302 W unknown:ViewManagerPropertyUpdater: Could not find generated setter for class com.facebook.react.views.text.ReactVirtualTextShadowNode
12-09 19:19:57.175 11264 11302 W unknown:ViewManagerPropertyUpdater: Could not find generated setter for class com.facebook.react.views.unimplementedview.ReactUnimplementedViewManager
12-09 19:19:57.181 11264 11302 W unknown:ReactContext: initializeMessageQueueThreads() is called.
12-09 19:19:57.188 11264 11302 D SoLoader: libyoga.so not found on /data/data/com.awesomeproject/lib-main
12-09 19:19:57.188 11264 11302 D SoLoader: libyoga.so found on /data/app/~~OQgSDWKj2eEHALBjuzY0Gg==/com.awesomeproject-D-orI0oBpFq8mZL0ns4ccw==/lib/arm64
12-09 19:19:57.203 11264 11302 D SoLoader: Not resolving dependencies for libyoga.so
12-09 19:19:57.264 11264 11310 I DetoxDispatcher: Handling action '_init' (ID #0)...
12-09 19:19:57.264 11264 11310 I Detox   : Connecting to server...
12-09 19:19:57.264 11264 11310 I DetoxWSClient: At connectToServer
12-09 19:19:57.318 11264 11264 D DetoxRNLoading: Got new RN-context directly and immediately
12-09 19:19:57.319 11264 11310 I DetoxRNIdleRes: Setting up Espresso Idling Resources for React Native
12-09 19:19:57.321 11264 11310 D AsyncStorageIR: Checking whether a custom IR for Async-Storage is required... (legacy=false)
12-09 19:19:57.325 11264 11310 D DetoxRNHelpers: Native RN module resolution (class com.reactnativecommunity.asyncstorage.AsyncStorageModule): no such class
12-09 19:19:57.325 11264 11310 D AsyncStorageIR: Checking whether a custom IR for Async-Storage is required... (legacy=true)
12-09 19:19:57.326 11264 11301 I ReactNativeJS: Running "AwesomeProject
12-09 19:19:57.327 11264 11310 D AsyncStorageIR: IR for Async-Storage is required! (legacy=true)
12-09 19:19:57.331 11264 11264 D AsyncStorageIRLegacy: Async-storage is busy!
12-09 19:19:57.335 11264 11310 I DetoxDispatcher: Done with action '_init'
12-09 19:19:57.338 11264 11314 D TrafficStats: tagSocket(115) with statsTag=0xffffffff, statsUid=-1
12-09 19:19:57.343 11264 11314 D DetoxWSClient: At onOpen
12-09 19:19:57.343 11264 11314 I DetoxWSClient: Sending out action 'login' (ID #0)
12-09 19:19:57.343 11264 11314 I Detox   : Connected to server!
12-09 19:19:57.343 11264 11310 I DetoxDispatcher: Handling action 'isReady' (ID #-1000)...
12-09 19:19:57.351 11264 11314 D DetoxWSClient: Received action 'loginSuccess' (ID #0, params={"testerConnected":true,"appConnected":true})
12-09 19:19:57.353 11264 11314 D DetoxWSClient: Received action 'isReady' (ID #-1000, params={})
12-09 19:19:57.356 11264 11301 I ReactNativeJS: Pushy: uuid: tGTdhLfajpswtRzS7bOC7
12-09 19:19:57.384 11264 11264 D CompatibilityChangeReporter: Compat change id reported: 210923482; UID 10163; state: DISABLED
12-09 19:19:57.385 11264 11264 D CompatibilityChangeReporter: Compat change id reported: 37756858; UID 10163; state: ENABLED
12-09 19:19:57.427 11264 11264 I Detox   : UIManagerModule is busy
12-09 19