--------- beginning of main
12-09 10:39:30.000  6301  6301 W .awesomeproject: Accessing hidden method Landroid/os/Message;->recycleUnchecked()V (unsupported, reflection, allowed)
12-09 10:39:30.018  6301  6564 I flipper : flipper: FlipperClient::addPlugin Fresco
12-09 10:39:30.106  6301  6563 D SoLoader: libreactnativeblob.so not found on /data/data/com.awesomeproject/lib-main
12-09 10:39:30.107  6301  6563 D SoLoader: libreactnativeblob.so found on /data/app/~~Bn4_NVJKwFtZ-gBt0S0euQ==/com.awesomeproject-G8nKm27Pj0aCcjJBjsoEIA==/lib/arm64
12-09 10:39:30.107  6301  6563 D SoLoader: Not resolving dependencies for libreactnativeblob.so
12-09 10:39:30.150  6301  6564 I WebViewFactory: Loading com.google.android.webview version 101.0.4951.74 (code 495157434)
12-09 10:39:30.281  6301  6563 I ReactNativeJS: Running "AwesomeProject" with {"rootTag":1}
12-09 10:39:30.301  6301  6563 I ReactNativeJS: Pushy: uuid: qx57jbzSjOxSDJI5DdgUX
12-09 10:39:30.342  6301  6564 W .awesomeproject: Accessing hidden method Landroid/os/Trace;->isTagEnabled(J)Z (unsupported, reflection, allowed)
12-09 10:39:30.342  6301  6564 W .awesomeproject: Accessing hidden method Landroid/os/Trace;->traceBegin(JLjava/lang/String;)V (unsupported, reflection, allowed)
12-09 10:39:30.343  6301  6564 W .awesomeproject: Accessing hidden method Landroid/os/Trace;->traceEnd(J)V (unsupported, reflection, allowed)
12-09 10:39:30.343  6301  6564 W .awesomeproject: Accessing hidden method Landroid/os/Trace;->asyncTraceBegin(JLjava/lang/String;I)V (unsupported, reflection, allowed)
12-09 10:39:30.343  6301  6564 W .awesomeproject: Accessing hidden method Landroid/os/Trace;->asyncTraceEnd(JLjava/lang/String;I)V (unsupported, reflection, allowed)
12-09 10:39:30.345  6301  6564 I cr_WVCFactoryProvider: Loaded version=101.0.4951.74 minSdkVersion=29 isBundle=false multiprocess=true packageId=2
12-09 10:39:30.357  6301  6571 I cr_VariationsUtils: Failed reading seed file "/data/user/0/com.awesomeproject/app_webview/variations_seed_new"
12-09 10:39:30.357  6301  6571 I cr_VariationsUtils: Failed reading seed file "/data/user/0/com.awesomeproject/app_webview/variations_seed"
12-09 10:39:30.358  6301  6571 I cr_VariationsUtils: Requesting new seed from IVariationsSeedServer
12-09 10:39:30.405  6301  6564 I cr_LibraryLoader: Successfully loaded native library
12-09 10:39:30.407  6301  6564 I cr_CachingUmaRecorder: Flushed 8 samples from 8 histograms.
12-09 10:39:30.482  6301  6577 D TrafficStats: tagSocket(145) with statsTag=0xffffffff, statsUid=-1
12-09 10:39:30.499  6301  6578 D TrafficStats: tagSocket(146) with statsTag=0xffffffff, statsUid=-1
12-09 10:39:30.541  6301  6301 I Detox   : UIManagerModule is busy
12-09 10:39:30.581  6301  6301 I Detox   : Wait is over: App is now idle!
12-09 10:39:30.581  6301  6361 I DetoxWSClient: Sending out action 'ready' (ID #-1000)
12-09 10:39:30.581  6301  6361 I DetoxDispatcher: Done with action 'isReady'
12-09 10:39:30.581  6301  6361 I DetoxDispatcher: Handling action 'loginSuccess' (ID #0)...
12-09 10:39:30.582  6301  6361 I DetoxDispatcher: Done with action 'loginSuccess'
12-09 10:39:30.582  6301  6361 I DetoxDispatcher: Handling action 'isReady' (ID #-1000)...
12-09 10:39:30.587  6301  6301 I Detox   : Wait is over: App is now idle!
12-09 10:39:30.587  6301  6361 I DetoxWSClient: Sending out action 'ready' (ID #-1000)
12-09 10:39:30.588  6301  6361 I DetoxDispatcher: Done with action 'isReady'
12-09 10:39:30.603  6301  6582 D TrafficStats: tagSocket(147) with statsTag=0xffffffff, statsUid=-1
12-09 10:39:30.628  6301  6582 D SoLoader: libimagepipeline.so not found on /data/data/com.awesomeproject/lib-main
12-09 10:39:30.629  6301  6582 D SoLoader: libimagepipeline.so found on /data/app/~~Bn4_NVJKwFtZ-gBt0S0euQ==/com.awesomeproject-G8nKm27Pj0aCcjJBjsoEIA==/lib/arm64
12-09 10:39:30.629  6301  6582 D SoLoader: Not resolving dependencies for libimagepipeline.so
12-09 10:39:30.675  6301  6505 D DetoxWSClient: Received action 'invoke' (ID #2, params={"target":{"type":"Class","value":"com.wix.detox.espresso.EspressoDetox"},"method":"perform","args":[{"type":"Invocation","value":{"target":{"type":"Class","value":"androidx.test.espresso.Espresso"},"method":"onView","args":[{"type":"Invocation","value":{"target":{"type":"Class","value":"com.wix.detox.espresso.DetoxMatcher"},"method":"matcherForTestId","args":["testcase"]}}]}},{"type":"Invocation","value":{"target":{"type":"Class","value":"androidx.test.espresso.action.ViewActions"},"method":"longClick","args":[]}}]})
12-09 10:39:30.676  6301  6361 I DetoxDispatcher: Handling action 'invoke' (ID #2)...
12-09 10:39:30.678  6301  6361 D Detox   : class com.wix.detox.espresso.DetoxMatcher, matcherForTestId, [testcase]
12-09 10:39:30.709  6301  6361 D Detox   : class androidx.test.espresso.Espresso, onView, [(view.getTag() is "testcase" and view has effective visibility <VISIBLE>)]
12-09 10:39:30.723  6301  6361 D Detox   : class androidx.test.espresso.action.ViewActions, longClick, []
12-09 10:39:30.725  6301  6361 W .awesomeproject: Accessing hidden method Landroid/view/ViewConfiguration;->getDoubleTapMinTime()I (unsupported, reflection, allowed)
12-09 10:39:30.726  6301  6361 D Detox   : class com.wix.detox.espresso.EspressoDetox, perform, [androidx.test.espresso.ViewInteraction@f730133, androidx.test.espresso.action.GeneralClickAction@ec73cf0]
12-09 10:39:30.973  6301  6301 W .awesomeproject: Accessing hidden method Landroid/view/WindowManagerGlobal;->getInstance()Landroid/view/WindowManagerGlobal; (unsupported, reflection, allowed)
12-09 10:39:30.973  6301  6301 W .awesomeproject: Accessing hidden field Landroid/view/WindowManagerGlobal;->mViews:Ljava/util/ArrayList; (unsupported, reflection, allowed)
12-09 10:39:30.973  6301  6301 W .awesomeproject: Accessing hidden field Landroid/view/WindowManagerGlobal;->mParams:Ljava/util/ArrayList; (unsupported, reflection, allowed)
12-09 10:39:30.974  6301  6301 I ViewInteraction: Performing 'long click' action on view (view.getTag() is "testcase" and view has effective visibility <VISIBLE>)
12-09 10:39:31.024  6301  6301 D AutofillManager: Fill dialog is enabled:false, hints=[]
12-09 10:39:31.056  6301  6301 I Detox   : UIManagerModule is busy
12-09 10:39:31.297  6301  6602 D TrafficStats: tagSocket(149) with statsTag=0xffffffff, statsUid=-1
12-09 10:39:31.655  6301  6564 W unknown:ReactNative: Attempt to set local data for view with unknown tag: -1
12-09 10:39:31.656  6301  6564 W unknown:ReactNative: Attempt to set local data for view with unknown tag: -1
12-09 10:39:31.671  6301  6301 E unknown:ReactModalHost: Creating new dialog from context: com.awesomeproject.MainActivity@26b66b0@40593072
12-09 10:39:31.753  6301  6350 W Parcel  : Expecting binder but got null!
12-09 10:39:31.755  6301  6350 D EGL_emulation: app_time_stats: avg=143.67ms min=0.97ms max=2057.22ms count=21
12-09 10:39:31.757  6301  6301 E unknown:ReactModalHost: Updating existing dialog with context: com.awesomeproject.MainActivity@26b66b0@40593072
12-09 10:39:31.762  6301  6301 I Detox   : AnimatedModule is busy.
12-09 10:39:31.770  6301  6301 I Detox   : AnimatedModule is busy.
12-09 10:39:31.789  6301  6301 I Detox   : AnimatedModule is busy.
12-09 10:39:31.802  6301  6301 I Detox   : AnimatedModule is busy.
12-09 10:39:31.819  6301  6301 I Detox   : AnimatedModule is busy.
12-09 10:39:31.836  6301  6301 I Detox   : AnimatedModule is busy.
12-09 10:39:31.854  6301  6301 I Detox   : AnimatedModule is busy.
12-09 10:39:31.869  6301  6301 I Detox   : AnimatedModule is busy.
12-09 10:39:31.886  6301  6301 I Detox   : AnimatedModule is busy.
12-09 10:39:31.902  6301  6301 I Detox   : AnimatedModule is busy.
12-09 10:39:31.922  6301  6301 W MotionEvents: Overslept and turned a tap into a long press
12-09 10:39:32.547  6301  6301 I Detox   : UIManagerModule is busy
12-09 10:39:32.560  6301  6301 I Detox   : AnimatedModule is busy.
12-09 10:39:32.570  6301  6301 I Detox   : AnimatedModule is busy.
12-09 10:39:32.585  6301  6301 I Detox   : AnimatedModule is busy.
12-09 10:39:32.600  6301  6301 I Detox   : AnimatedModule is busy.
12-09 10:39:32.619  6301  6301 I Detox   : AnimatedModule is busy.
12-09 10:39:32.635  6301  6301 I Detox   : AnimatedModule is busy.
12-09 10:39:32.650  6301  6301 I Detox   : AnimatedModule is busy.
12-09 10:39:32.667  6301  6301 I Detox   : AnimatedModule is busy.
12-09 10:39:32.685  6301  6301 I Detox   : AnimatedModule is busy.
12-09 10:39:32.700  6301  6301 I Detox   : AnimatedModule is busy.
12-09 10:39:32.718  6301  6301 I Detox   : AnimatedModule is busy.
12-09 10:39:32.733  6301  6301 I Detox   : AnimatedModule is busy.
12-09 10:39:32.750  6301  6301 I Detox   : AnimatedModule is busy.
12-09 10:39:32.768  6301  6301 I Detox   : AnimatedModule is busy.
12-09 10:39:32.785  6301  6301 I Detox   : AnimatedModule is busy.
12-09 10:39:32.872  6301  6361 I DetoxWSClient: Sending out action 'invokeResult' (ID #2)
12-09 10:39:32.875  6301  6361 I DetoxDispatcher: Done with action 'invoke'
12-09 10:39:32.884  6301  6505 D DetoxWSClient: Received action 'invoke' (ID #3, params={"target":{"type":"Class","value":"com.wix.detox.espresso.EspressoDetox"},"method":"perform","args":[{"type":"Invocation","value":{"target":{"type":"Class","value":"androidx.test.espresso.Espresso"},"method":"onView","args":[{"type":"Invocation","value":{"target":{"type":"Class","value":"com.wix.detox.espresso.DetoxMatcher"},"method":"matcherForTestId","args":["setLocalHashInfo"]}}]}},{"type":"Invocation","value":{"target":{"type":"Class","value":"androidx.test.espresso.action.ViewActions"},"method":"longClick","args":[]}}]})
12-09 10:39:32.885  6301  6361 I DetoxDispatcher: Handling action 'invoke' (ID #3)...
12-09 10:39:32.886  6301  6361 D Detox   : class com.wix.detox.espresso.DetoxMatcher, matcherForTestId, [setLocalHashInfo]
12-09 10:39:32.886  6301  6361 D Detox   : class androidx.test.espresso.Espresso, onView, [(view.getTag() is "setLocalHashInfo" and view has effective visibility <VISIBLE>)]
12-09 10:39:32.887  6301  6361 D Detox   : class androidx.test.espresso.action.ViewActions, longClick, []
12-09 10:39:32.887  6301  6361 D Detox   : class com.wix.detox.espresso.EspressoDetox, perform, [androidx.test.espresso.ViewInteraction@a5a37d4, androidx.test.espresso.action.GeneralClickAction@7648d7d]
12-09 10:39:32.890  6301  6301 I ViewInteraction: Performing 'long click' action on view (view.getTag() is "setLocalHashInfo" and view has effective visibility <VISIBLE>)
12-09 10:39:32.907  6301  6301 I Detox   : UIManagerModule is busy
12-09 10:39:32.922  6301  6350 D EGL_emulation: app_time_stats: avg=292.59ms min=7.28ms max=1113.68ms count=4
12-09 10:39:33.466  6301  6301 W UiControllerImpl: Waiting for: DYNAMIC_TASKS_HAVE_IDLED for 100 iterations.
12-09 10:39:33.473  6301  6301 I Detox   : UIManagerModule is busy
12-09 10:39:33.492  6301  6301 I Detox   : UIManagerModule is busy
12-09 10:39:33.509  6301  6301 I Detox   : AnimatedModule is busy.
12-09 10:39:33.520  6301  6301 I Detox   : AnimatedModule is busy.
12-09 10:39:33.536  6301  6301 I Detox   : AnimatedModule is busy.
12-09 10:39:33.553  6301  6301 I Detox   : AnimatedModule is busy.
12-09 10:39:33.570  6301  6301 I Detox   : AnimatedModule is busy.
12-09 10:39:33.586  6301  6301 I Detox   : AnimatedModule is busy.
12-09 10:39:33.603  6301  6301 I Detox   : AnimatedModule is busy.
12-09 10:39:33.620  6301  6301 I Detox   : AnimatedModule is busy.
12-09 10:39:33.636  6301  6301 I Detox   : AnimatedModule is busy.
12-09 10:39:33.655  6301  6301 I Detox   : AnimatedModule is busy.
12-09 10:39:33.670  6301  6301 I Detox   : AnimatedModule is busy.
12-09 10:39:33.686  6301  6301 I Detox   : AnimatedModule is busy.
12-09 10:39:33.703  6301  6301 I Detox   : AnimatedModule is busy.
12-09 10:39:33.719  6301  6301 I Detox   : AnimatedModule is busy.
12-09 10:39:33.741  6301  6301 W MotionEvents: Overslept and turned a tap into a long press
12-09 10:39:34.377  6301  6301 I Detox   : UIManagerModule is busy
12-09 10:39:34.392  6301  6301 I Detox   : AnimatedModule is busy.
12-09 10:39:34.400  6301  6301 I Detox   : AnimatedModule is busy.
12-09 10:39:34.419  6301  6301 I Detox   : AnimatedModule is busy.
12-09 10:39:34.433  6301  6301 I Detox   : AnimatedModule is busy.
12-09 10:39:34.451  6301  6301 I Detox   : AnimatedModule is busy.
12-09 10:39:34.470  6301  6301 I Detox   : AnimatedModule is busy.
12-09 10:39:34.486  6301  6301 I Detox   : AnimatedModule is busy.
12-09 10:39:34.503  6301  6301 I Detox   : AnimatedModule is busy.
12-09 10:39:34.523  6301  6301 I Detox   : AnimatedModule is busy.
12-09 10:39:34.534  6301  6301 I Detox   : AnimatedModule is busy.
12-09 10:39:34.558  6301  6301 I Detox   : AnimatedModule is busy.
12-09 10:39:34.568  6301  6301 I Detox   : AnimatedModule is busy.
12-09 10:39:34.586  6301  6301 I Detox   : AnimatedModule is busy.
12-09 10:39:34.618  6301  6301 I Detox   : AnimatedModule is busy.
12-09 10:39:34.709  6301  6361 I DetoxWSClient: Sending out action 'invokeResult' (ID #3)
12-09 10:39:34.710  6301  6361 I DetoxDispatcher: Done with action 'invoke'
12-09 10:39:34.715  6301  6505 D DetoxWSClient: Received action 'invoke' (ID #4, params={"target":{"type":"Class","value":"com.wix.detox.espresso.EspressoDetox"},"method":"perform","args":[{"type":"Invocation","value":{"target":{"type":"Class","value":"androidx.test.espresso.Espresso"},"method":"onView","args":[{"type":"Invocation","value":{"target":{"type":"Class","value":"com.wix.detox.espresso.DetoxMatcher"},"method":"matcherForTestId","args":["submit"]}}]}},{"type":"Invocation","value":{"target":{"type":"Class","value":"androidx.test.espresso.action.ViewActions"},"method":"longClick","args":[]}}]})
12-09 10:39:34.716  6301  6361 I DetoxDispatcher: Handling action 'invoke' (ID #4)...
12-09 10:39:34.718  6301  6361 D Detox   : class com.wix.detox.espresso.DetoxMatcher, matcherForTestId, [submit]
12-09 10:39:34.720  6301  6361 D Detox   : class androidx.test.espresso.Espresso, onView, [(view.getTag() is "submit" and view has effective visibility <VISIBLE>)]
12-09 10:39:34.721  6301  6361 D Detox   : class androidx.test.espresso.action.ViewActions, longClick, []
12-09 10:39:34.722  6301  6361 D Detox   : class com.wix.detox.espresso.EspressoDetox, perform, [androidx.test.espresso.ViewInteraction@ea53458, androidx.test.espresso.action.GeneralClickAction@65a49b1]
12-09 10:39:34.723  6301  6301 I ViewInteraction: Performing 'long click' action on view (view.getTag() is "submit" and view has effective visibility <VISIBLE>)
12-09 10:39:34.741  6301  6301 I Detox   : UIManagerModule is busy
12-09 10:39:34.754  6301  6350 D EGL_emulation: app_time_stats: avg=107.74ms min=11.04ms max=1014.72ms count=17
12-09 10:39:35.295  6301  6301 W UiControllerImpl: Waiting for: DYNAMIC_TASKS_HAVE_IDLED for 100 iterations.
12-09 10:39:35.312  6301  6563 I ReactNativeJS: { inputs: 
12-09 10:39:35.312  6301  6563 I ReactNativeJS:    [ 'setLocalHashInfo',
12-09 10:39:35.312  6301  6563 I ReactNativeJS:      '9D5CE6EBA420717BE7E7D308B11F8207681B066C951D68F3994D19828F342474',
12-09 10:39:35.312  6301  6563 I ReactNativeJS:      '{"version":"1.0.0","size":"19M"}' ],
12-09 10:39:35.312  6301  6563 I ReactNativeJS:   params: 
12-09 10:39:35.312  6301  6563 I ReactNativeJS:    [ '9D5CE6EBA420717BE7E7D308B11F8207681B066C951D68F3994D19828F342474',
12-09 10:39:35.312  6301  6563 I ReactNativeJS:      '{"version":"1.0.0","size":"19M"}' ] }
12-09 10:39:35.321  6301  6301 W UiControllerImpl: Waiting for: DYNAMIC_TASKS_HAVE_IDLED for 200 iterations.
12-09 10:39:35.334  6301  6301 W UiControllerImpl: Waiting for: DYNAMIC_TASKS_HAVE_IDLED for 300 iterations.
12-09 10:39:35.364  6301  6301 W UiControllerImpl: Waiting for: DYNAMIC_TASKS_HAVE_IDLED for 400 iterations.
12-09 10:39:35.385  6301  6301 W UiControllerImpl: Waiting for: DYNAMIC_TASKS_HAVE_IDLED for 500 iterations.
12-09 10:39:35.397  6301  6301 W UiControllerImpl: Waiting for: DYNAMIC_TASKS_HAVE_IDLED for 600 iterations.
12-09 10:39:35.409  6301  6301 I Detox   : UIManagerModule is busy
12-09 10:39:35.440  6301  6301 I Detox   : AnimatedModule is busy.
12-09 10:39:35.458  6301  6301 I Detox   : AnimatedModule is busy.
12-09 10:39:35.470  6301  6301 I Detox   : AnimatedModule is busy.
12-09 10:39:35.486  6301  6301 I Detox   : AnimatedModule is busy.
12-09 10:39:35.503  6301  6301 I Detox   : AnimatedModule is busy.
12-09 10:39:35.522  6301  6301 I Detox   : AnimatedModule is busy.
12-09 10:39:35.537  6301  6301 I Detox   : AnimatedModule is busy.
12-09 10:39:35.556  6301  6301 I Detox   : AnimatedModule is busy.
12-09 10:39:35.570  6301  6301 I Detox   : AnimatedModule is busy.
12-09 10:39:35.586  6301  6301 I Detox   : AnimatedModule is busy.
12-09 10:39:35.603  6301  6301 I Detox   : AnimatedModule is busy.
12-09 10:39:35.620  6301  6301 I Detox   : AnimatedModule is busy.
12-09 10:39:35.636  6301  6301 I Detox   : AnimatedModule is busy.
12-09 10:39:35.655  6301  6301 I Detox   : AnimatedModule is busy.
12-09 10:39:35.687  6301  6301 W MotionEvents: Overslept and turned a tap into a long press
12-09 10:39:36.366  6301  6301 I Detox   : AnimatedModule is busy.
12-09 10:39:36.369  6301  6301 I Detox   : AnimatedModule is busy.
12-09 10:39:36.386  6301  6301 I Detox   : AnimatedModule is busy.
12-09 10:39:36.401  6301  6301 I Detox   : AnimatedModule is busy.
12-09 10:39:36.420  6301  6301 I Detox   : AnimatedModule is busy.
12-09 10:39:36.437  6301  6301 I Detox   : AnimatedModule is busy.
12-09 10:39:36.453  6301  6301 I Detox   : AnimatedModule is busy.
12-09 10:39:36.470  6301  6301 I Detox   : AnimatedModule is busy.
12-09 10:39:36.487  6301  6301 I Detox   : AnimatedModule is busy.
12-09 10:39:36.503  6301  6301 I Detox   : AnimatedModule is busy.
12-09 10:39:36.518  6301  6301 I Detox   : AnimatedModule is busy.
12-09 10:39:36.535  6301  6301 I Detox   : AnimatedModule is busy.
12-09 10:39:36.556  6301  6301 I Detox   : AnimatedModule is busy.
12-09 10:39:36.570  6301  6361 I DetoxWSClient: Sending out action 'invokeResult' (ID #4)
12-09 10:39:36.572  6301  6361 I DetoxDispatcher: Done with action 'invoke'
12-09 10:39:36.580  6301  6505 D DetoxWSClient: Received action 'invoke' (ID #5, params={"target":{"type":"Class","value":"com.wix.detox.espresso.DetoxAssertion"},"method":"assertMatcher","args":[{"type":"Invocation","value":{"target":{"type":"Class","value":"androidx.test.espresso.Espresso"},"method":"onView","args":[{"type":"Invocation","value":{"target":{"type":"Class","value":"com.wix.detox.espresso.DetoxMatcher"},"method":"matcherForTestId","args":["done"]}}]}},{"type":"Invocation","value":{"target":{"type":"Class","value":"com.wix.detox.espresso.DetoxMatcher"},"method":"matcherForSufficientlyVisible","args":[{"type":"Integer","value":75}]}}]})
12-09 10:39:36.581  6301  6361 I DetoxDispatcher: Handling action 'invoke' (ID #5)...
12-09 10:39:36.581  6301  6361 D Detox   : class com.wix.detox.espresso.DetoxMatcher, matcherForTestId, [done]
12-09 10:39:36.582  6301  6361 D Detox   : class androidx.test.espresso.Espresso, onView, [(view.getTag() is "done" and view has effective visibility <VISIBLE>)]
12-09 10:39:36.583  6301  6361 D Detox   : class com.wix.detox.espresso.DetoxMatcher, matcherForSufficientlyVisible, [75]
12-09 10:39:36.585  6301  6361 D Detox   : class com.wix.detox.espresso.DetoxAssertion, assertMatcher, [androidx.test.espresso.ViewInteraction@6a1acd0, (view has effective visibility <VISIBLE> and view.getGlobalVisibleRect() covers at least <75> percent of the view's area)]
12-09 10:39:36.589  6301  6301 I ViewInteraction: Checking 'MatchesViewAssertion(Detox){viewMatcher=(view has effective visibility <VISIBLE> and view.getGlobalVisibleRect() covers at least <75> percent of the view's area)}' assertion on view (view.getTag() is "done" and view has effective visibility <VISIBLE>)
12-09 10:39:36.590  6301  6361 I DetoxWSClient: Sending out action 'invokeResult' (ID #5)
12-09 10:39:36.593  6301  6361 I DetoxDispatcher: Done with action 'invoke'
12-09 10:39:36.597  6301  6505 D DetoxWSClient: Received action 'invoke' (ID #6, params={"target":{"type":"Class","value":"com.wix.detox.espresso.EspressoDetox"},"method":"perform","args":[{"type":"Invocation","value":{"target":{"type":"Class","value":"androidx.test.espresso.Espresso"},"method":"onView","args":[{"type":"Invocation","value":{"target":{"type":"Class","value":"com.wix.detox.espresso.DetoxMatcher"},"method":"matcherForTestId","args":["done"]}}]}},{"type":"Invocation","value":{"target":{"type":"Class","value":"androidx.test.espresso.action.ViewActions"},"method":"longClick","args":[]}}]})
12-09 10:39:36.602  6301  6361 I DetoxDispatcher: Handling action 'invoke' (ID #6)...
12-09 10:39:36.604  6301  6361 D Detox   : class com.wix.detox.espresso.DetoxMatcher, matcherForTestId, [done]
12-09 10:39:36.604  6301  6361 D Detox   : class androidx.test.espresso.Espresso, onView, [(view.getTag() is "done" and view has effective visibility <VISIBLE>)]
12-09 10:39:36.605  6301  6361 D Detox   : class androidx.test.espresso.action.ViewActions, longClick, []
12-09 10:39:36.605  6301  6361 D Detox   : class com.wix.detox.espresso.EspressoDetox, perform, [androidx.test.espresso.ViewInteraction@e5e24c9, androidx.test.espresso.action.GeneralClickAction@9c117ce]
12-09 10:39:36.608  6301  6301 I ViewInteraction: Performing 'long click' action on view (view.getTag() is "done" and view has effective visibility <VISIBLE>)
12-09 10:39:36.627  6301  6301 I Detox   : UIManagerModule is busy
12-09 10:39:36.638  6301  6350 D EGL_emulation: app_time_stats: avg=99.27ms min=2.23ms max=951.59ms count=17
12-09 10:39:37.184  6301  6301 W UiControllerImpl: Waiting for: DYNAMIC_TASKS_HAVE_IDLED for 100 iterations.
12-09 10:39:37.200  6301  6301 I Detox   : UIManagerModule is busy
12-09 10:39:37.210  6301  6301 I Detox   : AnimatedModule is busy.
12-09 10:39:37.223  6301  6301 I Detox   : AnimatedModule is busy.
12-09 10:39:37.233  6301  6301 I Detox   : AnimatedModule is busy.
12-09 10:39:37.253  6301  6301 I Detox   : AnimatedModule is busy.
12-09 10:39:37.267  6301  6301 I Detox   : AnimatedModule is busy.
12-09 10:39:37.284  6301  6301 I Detox   : AnimatedModule is busy.
12-09 10:39:37.300  6301  6301 I Detox   : AnimatedModule is busy.
12-09 10:39:37.318  6301  6301 I Detox   : AnimatedModule is busy.
12-09 10:39:37.335  6301  6301 I Detox   : AnimatedModule is busy.
12-09 10:39:37.350  6301  6301 I Detox   : AnimatedModule is busy.
12-09 10:39:37.367  6301  6301 I Detox   : AnimatedModule is busy.
12-09 10:39:37.385  6301  6301 I Detox   : AnimatedModule is busy.
12-09 10:39:37.403  6301  6301 I Detox   : AnimatedModule is busy.
12-09 10:39:37.419  6301  6301 I Detox   : AnimatedModule is busy.
12-09 10:39:37.435  6301  6301 I Detox   : AnimatedModule is busy.
12-09 10:39:37.469  6301  6301 W MotionEvents: Overslept and turned a tap into a long press
12-09 10:39:38.154  6301  6361 I DetoxWSClient: Sending out action 'invokeResult' (ID #6)
12-09 10:39:38.155  6301  6361 I DetoxDispatcher: Done with action 'invoke'
12-09 10:39:38.163  6301  6505 D DetoxWSClient: Received action 'invoke' (ID #7, params={"target":{"type":"Class","value":"com.wix.detox.espresso.DetoxAssertion"},"method":"assertMatcher","args":[{"type":"Invocation","value":{"target":{"type":"Class","value":"androidx.test.espresso.Espresso"},"method":"onView","args":[{"type":"Invocation","value":{"target":{"type":"Class","value":"com.wix.detox.espresso.DetoxMatcher"},"method":"matcherForTestId","args":["done"]}}]}},{"type":"Invocation","value":{"target":{"type":"Class","value":"com.wix.detox.espresso.DetoxMatcher"},"method":"matcherForNot","args":[{"type":"Invocation","value":{"target":{"type":"Class","value":"com.wix.detox.espresso.DetoxMatcher"},"method":"matcherForSufficientlyVisible","args":[{"type":"Integer","value":75}]}}]}}]})
12-09 10:39:38.165  6301  6361 I DetoxDispatcher: Handling action 'invoke' (ID #7)...
12-09 10:39:38.167  6301  6361 D Detox   : class com.wix.detox.espresso.DetoxMatcher, matcherForTestId, [done]
12-09 10:39:38.170  6301  6361 D Detox   : class androidx.test.espresso.Espresso, onView, [(view.getTag() is "done" and view has effective visibility <VISIBLE>)]
12-09 10:39:38.171  6301  6361 D Detox   : class com.wix.detox.espresso.DetoxMatcher, matcherForSufficientlyVisible, [75]
12-09 10:39:38.173  6301  6361 D Detox   : class com.wix.detox.espresso.DetoxMatcher, matcherForNot, [(view has effective visibility <VISIBLE> and view.getGlobalVisibleRect() covers at least <75> percent of the 