--------- beginning of main
12-09 10:42:16.221  7106  7106 I Detox   : UIManagerModule is busy
12-09 10:42:16.305  7106  7172 I DetoxWSClient: Sending out action 'invokeResult' (ID #30)
12-09 10:42:16.306  7106  7172 I DetoxDispatcher: Done with action 'invoke'
12-09 10:42:16.314  7106  7175 D DetoxWSClient: Received action 'invoke' (ID #31, params={"target":{"type":"Class","value":"com.wix.detox.espresso.DetoxAssertion"},"method":"assertMatcher","args":[{"type":"Invocation","value":{"target":{"type":"Class","value":"androidx.test.espresso.Espresso"},"method":"onView","args":[{"type":"Invocation","value":{"target":{"type":"Class","value":"com.wix.detox.espresso.DetoxMatcher"},"method":"matcherForTestId","args":["done"]}}]}},{"type":"Invocation","value":{"target":{"type":"Class","value":"com.wix.detox.espresso.DetoxMatcher"},"method":"matcherForNot","args":[{"type":"Invocation","value":{"target":{"type":"Class","value":"com.wix.detox.espresso.DetoxMatcher"},"method":"matcherForSufficientlyVisible","args":[{"type":"Integer","value":75}]}}]}}]})
12-09 10:42:16.315  7106  7172 I DetoxDispatcher: Handling action 'invoke' (ID #31)...
12-09 10:42:16.316  7106  7172 D Detox   : class com.wix.detox.espresso.DetoxMatcher, matcherForTestId, [done]
12-09 10:42:16.317  7106  7172 D Detox   : class androidx.test.espresso.Espresso, onView, [(view.getTag() is "done" and view has effective visibility <VISIBLE>)]
12-09 10:42:16.318  7106  7172 D Detox   : class com.wix.detox.espresso.DetoxMatcher, matcherForSufficientlyVisible, [75]
12-09 10:42:16.318  7106  7172 D Detox   : class com.wix.detox.espresso.DetoxMatcher, matcherForNot, [(view has effective visibility <VISIBLE> and view.getGlobalVisibleRect() covers at least <75> percent of the view's area)]
12-09 10:42:16.319  7106  7172 D Detox   : class com.wix.detox.espresso.DetoxAssertion, assertMatcher, [androidx.test.espresso.ViewInteraction@13ee302, not (view has effective visibility <VISIBLE> and view.getGlobalVisibleRect() covers at least <75> percent of the view's area)]
12-09 10:42:16.327  7106  7106 I ViewInteraction: Checking 'MatchesViewAssertion(Detox){viewMatcher=not (view has effective visibility <VISIBLE> and view.getGlobalVisibleRect() covers at least <75> percent of the view's area)}' assertion on view (view.getTag() is "done" and view has effective visibility <VISIBLE>)
12-09 10:42:16.328  7106  7172 I DetoxWSClient: Sending out action 'invokeResult' (ID #31)
12-09 10:42:16.329  7106  7172 I DetoxDispatcher: Done with action 'invoke'
12-09 10:42:16.406  7106  7175 D DetoxWSClient: Received action 'invoke' (ID #32, params={"target":{"type":"Class","value":"com.wix.detox.espresso.EspressoDetox"},"method":"perform","args":[{"type":"Invocation","value":{"target":{"type":"Class","value":"androidx.test.espresso.Espresso"},"method":"onView","args":[{"type":"Invocation","value":{"target":{"type":"Class","value":"com.wix.detox.espresso.DetoxMatcher"},"method":"matcherForTestId","args":["markSuccess"]}}]}},{"type":"Invocation","value":{"target":{"type":"Class","value":"androidx.test.espresso.action.ViewActions"},"method":"longClick","args":[]}}]})
12-09 10:42:16.407  7106  7172 I DetoxDispatcher: Handling action 'invoke' (ID #32)...
12-09 10:42:16.408  7106  7172 D Detox   : class com.wix.detox.espresso.DetoxMatcher, matcherForTestId, [markSuccess]
12-09 10:42:16.408  7106  7172 D Detox   : class androidx.test.espresso.Espresso, onView, [(view.getTag() is "markSuccess" and view has effective visibility <VISIBLE>)]
12-09 10:42:16.408  7106  7172 D Detox   : class androidx.test.espresso.action.ViewActions, longClick, []
12-09 10:42:16.408  7106  7172 D Detox   : class com.wix.detox.espresso.EspressoDetox, perform, [androidx.test.espresso.ViewInteraction@67d7413, androidx.test.espresso.action.GeneralClickAction@67a6650]
12-09 10:42:16.410  7106  7106 I ViewInteraction: Performing 'long click' action on view (view.getTag() is "markSuccess" and view has effective visibility <VISIBLE>)
12-09 10:42:16.427  7106  7106 I Detox   : UIManagerModule is busy
12-09 10:42:16.439  7106  7152 D EGL_emulation: app_time_stats: avg=817.42ms min=552.50ms max=1082.33ms count=2
12-09 10:42:16.617  7106  7350 D TrafficStats: tagSocket(133) with statsTag=0xffffffff, statsUid=-1
12-09 10:42:16.962  7106  7106 W UiControllerImpl: Waiting for: DYNAMIC_TASKS_HAVE_IDLED for 100 iterations.
12-09 10:42:16.975  7106  7106 W UiControllerImpl: Waiting for: DYNAMIC_TASKS_HAVE_IDLED for 200 iterations.
12-09 10:42:16.981  7106  7106 I Detox   : UIManagerModule is busy
12-09 10:42:16.994  7106  7106 I Detox   : UIManagerModule is busy
12-09 10:42:17.007  7106  7106 I Detox   : AnimatedModule is busy.
12-09 10:42:17.019  7106  7106 I Detox   : AnimatedModule is busy.
12-09 10:42:17.036  7106  7106 I Detox   : AnimatedModule is busy.
12-09 10:42:17.052  7106  7106 I Detox   : AnimatedModule is busy.
12-09 10:42:17.069  7106  7106 I Detox   : AnimatedModule is busy.
12-09 10:42:17.086  7106  7106 I Detox   : AnimatedModule is busy.
12-09 10:42:17.102  7106  7106 I Detox   : AnimatedModule is busy.
12-09 10:42:17.119  7106  7106 I Detox   : AnimatedModule is busy.
12-09 10:42:17.138  7106  7106 I Detox   : AnimatedModule is busy.
12-09 10:42:17.153  7106  7106 I Detox   : AnimatedModule is busy.
12-09 10:42:17.170  7106  7106 I Detox   : AnimatedModule is busy.
12-09 10:42:17.186  7106  7106 I Detox   : AnimatedModule is busy.
12-09 10:42:17.203  7106  7106 I Detox   : AnimatedModule is busy.
12-09 10:42:17.219  7106  7106 I Detox   : AnimatedModule is busy.
12-09 10:42:17.239  7106  7106 W MotionEvents: Overslept and turned a tap into a long press
12-09 10:42:17.861  7106  7106 I Detox   : UIManagerModule is busy
12-09 10:42:17.868  7106  7106 I Detox   : AnimatedModule is busy.
12-09 10:42:17.885  7106  7106 I Detox   : AnimatedModule is busy.
12-09 10:42:17.900  7106  7106 I Detox   : AnimatedModule is busy.
12-09 10:42:17.917  7106  7106 I Detox   : AnimatedModule is busy.
12-09 10:42:17.935  7106  7106 I Detox   : AnimatedModule is busy.
12-09 10:42:17.952  7106  7106 I Detox   : AnimatedModule is busy.
12-09 10:42:17.970  7106  7106 I Detox   : AnimatedModule is busy.
12-09 10:42:17.991  7106  7106 I Detox   : AnimatedModule is busy.
12-09 10:42:18.001  7106  7106 I Detox   : AnimatedModule is busy.
12-09 10:42:18.021  7106  7106 I Detox   : AnimatedModule is busy.
12-09 10:42:18.039  7106  7106 I Detox   : AnimatedModule is busy.
12-09 10:42:18.054  7106  7106 I Detox   : AnimatedModule is busy.
12-09 10:42:18.069  7106  7106 I Detox   : AnimatedModule is busy.
12-09 10:42:18.086  7106  7106 I Detox   : AnimatedModule is busy.
12-09 10:42:18.102  7106  7106 I Detox   : AnimatedModule is busy.
12-09 10:42:18.196  7106  7172 I DetoxWSClient: Sending out action 'invokeResult' (ID #32)
12-09 10:42:18.196  7106  7172 I DetoxDispatcher: Done with action 'invoke'
12-09 10:42:18.206  7106  7175 D DetoxWSClient: Received action 'invoke' (ID #33, params={"target":{"type":"Class","value":"com.wix.detox.espresso.EspressoDetox"},"method":"perform","args":[{"type":"Invocation","value":{"target":{"type":"Class","value":"androidx.test.espresso.Espresso"},"method":"onView","args":[{"type":"Invocation","value":{"target":{"type":"Class","value":"com.wix.detox.espresso.DetoxMatcher"},"method":"matcherForTestId","args":["submit"]}}]}},{"type":"Invocation","value":{"target":{"type":"Class","value":"androidx.test.espresso.action.ViewActions"},"method":"longClick","args":[]}}]})
12-09 10:42:18.206  7106  7172 I DetoxDispatcher: Handling action 'invoke' (ID #33)...
12-09 10:42:18.207  7106  7172 D Detox   : class com.wix.detox.espresso.DetoxMatcher, matcherForTestId, [submit]
12-09 10:42:18.208  7106  7172 D Detox   : class androidx.test.espresso.Espresso, onView, [(view.getTag() is "submit" and view has effective visibility <VISIBLE>)]
12-09 10:42:18.208  7106  7172 D Detox   : class androidx.test.espresso.action.ViewActions, longClick, []
12-09 10:42:18.208  7106  7172 D Detox   : class com.wix.detox.espresso.EspressoDetox, perform, [androidx.test.espresso.ViewInteraction@514af68, androidx.test.espresso.action.GeneralClickAction@9b08f81]
12-09 10:42:18.211  7106  7106 I ViewInteraction: Performing 'long click' action on view (view.getTag() is "submit" and view has effective visibility <VISIBLE>)
12-09 10:42:18.222  7106  7106 I Detox   : UIManagerModule is busy
12-09 10:42:18.239  7106  7152 D EGL_emulation: app_time_stats: avg=105.82ms min=13.27ms max=1000.15ms count=17
12-09 10:42:18.629  7106  7355 D TrafficStats: tagSocket(131) with statsTag=0xffffffff, statsUid=-1
12-09 10:42:18.768  7106  7106 W UiControllerImpl: Waiting for: DYNAMIC_TASKS_HAVE_IDLED for 100 iterations.
12-09 10:42:18.787  7106  7106 W UiControllerImpl: Waiting for: DYNAMIC_TASKS_HAVE_IDLED for 200 iterations.
12-09 10:42:18.799  7106  7106 W UiControllerImpl: Waiting for: DYNAMIC_TASKS_HAVE_IDLED for 300 iterations.
12-09 10:42:18.812  7106  7106 W UiControllerImpl: Waiting for: DYNAMIC_TASKS_HAVE_IDLED for 400 iterations.
12-09 10:42:18.819  7106  7106 W UiControllerImpl: Waiting for: DYNAMIC_TASKS_HAVE_IDLED for 500 iterations.
12-09 10:42:18.822  7106  7106 I Detox   : UIManagerModule is busy
12-09 10:42:18.843  7106  7106 I Detox   : AnimatedModule is busy.
12-09 10:42:18.854  7106  7106 I Detox   : AnimatedModule is busy.
12-09 10:42:18.869  7106  7106 I Detox   : AnimatedModule is busy.
12-09 10:42:18.886  7106  7106 I Detox   : AnimatedModule is busy.
12-09 10:42:18.907  7106  7106 I Detox   : AnimatedModule is busy.
12-09 10:42:18.920  7106  7106 I Detox   : AnimatedModule is busy.
12-09 10:42:18.937  7106  7106 I Detox   : AnimatedModule is busy.
12-09 10:42:18.957  7106  7106 I Detox   : AnimatedModule is busy.
12-09 10:42:18.969  7106  7106 I Detox   : AnimatedModule is busy.
12-09 10:42:18.986  7106  7106 I Detox   : AnimatedModule is busy.
12-09 10:42:19.002  7106  7106 I Detox   : AnimatedModule is busy.
12-09 10:42:19.019  7106  7106 I Detox   : AnimatedModule is busy.
12-09 10:42:19.037  7106  7106 I Detox   : AnimatedModule is busy.
12-09 10:42:19.054  7106  7106 I Detox   : AnimatedModule is busy.
12-09 10:42:19.069  7106  7106 I Detox   : AnimatedModule is busy.
12-09 10:42:19.089  7106  7106 W MotionEvents: Overslept and turned a tap into a long press
12-09 10:42:19.706  7106  7106 I Detox   : UIManagerModule is busy
12-09 10:42:19.718  7106  7106 I Detox   : AnimatedModule is busy.
12-09 10:42:19.735  7106  7106 I Detox   : AnimatedModule is busy.
12-09 10:42:19.751  7106  7106 I Detox   : AnimatedModule is busy.
12-09 10:42:19.768  7106  7106 I Detox   : AnimatedModule is busy.
12-09 10:42:19.785  7106  7106 I Detox   : AnimatedModule is busy.
12-09 10:42:19.806  7106  7106 I Detox   : AnimatedModule is busy.
12-09 10:42:19.819  7106  7106 I Detox   : AnimatedModule is busy.
12-09 10:42:19.835  7106  7106 I Detox   : AnimatedModule is busy.
12-09 10:42:19.853  7106  7106 I Detox   : AnimatedModule is busy.
12-09 10:42:19.871  7106  7106 I Detox   : AnimatedModule is busy.
12-09 10:42:19.887  7106  7106 I Detox   : AnimatedModule is busy.
12-09 10:42:19.904  7106  7106 I Detox   : AnimatedModule is busy.
12-09 10:42:19.920  7106  7106 I Detox   : AnimatedModule is busy.
12-09 10:42:19.938  7106  7106 I Detox   : AnimatedModule is busy.
12-09 10:42:19.952  7106  7106 I Detox   : AnimatedModule is busy.
12-09 10:42:20.039  7106  7172 I DetoxWSClient: Sending out action 'invokeResult' (ID #33)
12-09 10:42:20.040  7106  7172 I DetoxDispatcher: Done with action 'invoke'
12-09 10:42:20.047  7106  7175 D DetoxWSClient: Received action 'invoke' (ID #34, params={"target":{"type":"Class","value":"com.wix.detox.espresso.DetoxAssertion"},"method":"waitForAssertMatcher","args":[{"type":"Invocation","value":{"target":{"type":"Class","value":"androidx.test.espresso.Espresso"},"method":"onView","args":[{"type":"Invocation","value":{"target":{"type":"Class","value":"com.wix.detox.espresso.DetoxMatcher"},"method":"matcherForText","args":["确认"]}}]}},{"type":"Invocation","value":{"target":{"type":"Class","value":"com.wix.detox.espresso.DetoxMatcher"},"method":"matcherForSufficientlyVisible","args":[{"type":"Integer","value":75}]}},{"type":"Double","value":10}]})
12-09 10:42:20.047  7106  7172 I DetoxDispatcher: Handling action 'invoke' (ID #34)...
12-09 10:42:20.049  7106  7172 D Detox   : class com.wix.detox.espresso.DetoxMatcher, matcherForText, [确认]
12-09 10:42:20.049  7106  7172 D Detox   : class androidx.test.espresso.Espresso, onView, [(an instance of android.widget.TextView and view.getText() with or without transformation to match: is "确认" and view has effective visibility <VISIBLE>)]
12-09 10:42:20.051  7106  7172 D Detox   : class com.wix.detox.espresso.DetoxMatcher, matcherForSufficientlyVisible, [75]
12-09 10:42:20.052  7106  7172 D Detox   : class com.wix.detox.espresso.DetoxAssertion, waitForAssertMatcher, [androidx.test.espresso.ViewInteraction@1cf41e0, (view has effective visibility <VISIBLE> and view.getGlobalVisibleRect() covers at least <75> percent of the view's area), 10.0]
12-09 10:42:20.054  7106  7106 I ViewInteraction: Checking 'MatchesViewAssertion(Detox){viewMatcher=(view has effective visibility <VISIBLE> and view.getGlobalVisibleRect() covers at least <75> percent of the view's area)}' assertion on view (an instance of android.widget.TextView and view.getText() with or without transformation to match: is "确认" and view has effective visibility <VISIBLE>)
12-09 10:42:20.056  7106  7172 I DetoxWSClient: Sending out action 'invokeResult' (ID #34)
12-09 10:42:20.057  7106  7172 I DetoxDispatcher: Done with action 'invoke'
12-09 10:42:20.061  7106  7175 D DetoxWSClient: Received action 'invoke' (ID #35, params={"target":{"type":"Class","value":"com.wix.detox.espresso.EspressoDetox"},"method":"perform","args":[{"type":"Invocation","value":{"target":{"type":"Class","value":"androidx.test.espresso.Espresso"},"method":"onView","args":[{"type":"Invocation","value":{"target":{"type":"Class","value":"com.wix.detox.espresso.DetoxMatcher"},"method":"matcherForTestId","args":["done"]}}]}},{"type":"Invocation","value":{"target":{"type":"Class","value":"androidx.test.espresso.action.ViewActions"},"method":"longClick","args":[]}}]})
12-09 10:42:20.062  7106  7172 I DetoxDispatcher: Handling action 'invoke' (ID #35)...
12-09 10:42:20.062  7106  7172 D Detox   : class com.wix.detox.espresso.DetoxMatcher, matcherForTestId, [done]
12-09 10:42:20.063  7106  7172 D Detox   : class androidx.test.espresso.Espresso, onView, [(view.getTag() is "done" and view has effective visibility <VISIBLE>)]
12-09 10:42:20.063  7106  7172 D Detox   : class androidx.test.espresso.action.ViewActions, longClick, []
12-09 10:42:20.064  7106  7172 D Detox   : class com.wix.detox.espresso.EspressoDetox, perform, [androidx.test.espresso.ViewInteraction@e917c99, androidx.test.espresso.action.GeneralClickAction@f3edb5e]
12-09 10:42:20.065  7106  7106 I ViewInteraction: Performing 'long click' action on view (view.getTag() is "done" and view has effective visibility <VISIBLE>)
12-09 10:42:20.074  7106  7106 I Detox   : UIManagerModule is busy
12-09 10:42:20.087  7106  7152 D EGL_emulation: app_time_stats: avg=108.69ms min=12.09ms max=998.46ms count=17
12-09 10:42:20.624  7106  7106 W UiControllerImpl: Waiting for: DYNAMIC_TASKS_HAVE_IDLED for 100 iterations.
12-09 10:42:20.634  7106  7106 I Detox   : UIManagerModule is busy
12-09 10:42:20.655  7106  7106 I Detox   : AnimatedModule is busy.
12-09 10:42:20.671  7106  7106 I Detox   : AnimatedModule is busy.
12-09 10:42:20.684  7106  7106 I Detox   : AnimatedModule is busy.
12-09 10:42:20.700  7106  7106 I Detox   : AnimatedModule is busy.
12-09 10:42:20.716  7106  7106 I Detox   : AnimatedModule is busy.
12-09 10:42:20.733  7106  7106 I Detox   : AnimatedModule is busy.
12-09 10:42:20.752  7106  7106 I Detox   : AnimatedModule is busy.
12-09 10:42:20.769  7106  7106 I Detox   : AnimatedModule is busy.
12-09 10:42:20.783  7106  7106 I Detox   : AnimatedModule is busy.
12-09 10:42:20.800  7106  7106 I Detox   : AnimatedModule is busy.
12-09 10:42:20.819  7106  7106 I Detox   : AnimatedModule is busy.
12-09 10:42:20.834  7106  7106 I Detox   : AnimatedModule is busy.
12-09 10:42:20.850  7106  7106 I Detox   : AnimatedModule is busy.
12-09 10:42:20.867  7106  7106 I Detox 