--------- beginning of main
12-09 10:39:38.154  6301  6361 I DetoxWSClient: Sending out action 'invokeResult' (ID #6)
12-09 10:39:38.155  6301  6361 I DetoxDispatcher: Done with action 'invoke'
12-09 10:39:38.163  6301  6505 D DetoxWSClient: Received action 'invoke' (ID #7, params={"target":{"type":"Class","value":"com.wix.detox.espresso.DetoxAssertion"},"method":"assertMatcher","args":[{"type":"Invocation","value":{"target":{"type":"Class","value":"androidx.test.espresso.Espresso"},"method":"onView","args":[{"type":"Invocation","value":{"target":{"type":"Class","value":"com.wix.detox.espresso.DetoxMatcher"},"method":"matcherForTestId","args":["done"]}}]}},{"type":"Invocation","value":{"target":{"type":"Class","value":"com.wix.detox.espresso.DetoxMatcher"},"method":"matcherForNot","args":[{"type":"Invocation","value":{"target":{"type":"Class","value":"com.wix.detox.espresso.DetoxMatcher"},"method":"matcherForSufficientlyVisible","args":[{"type":"Integer","value":75}]}}]}}]})
12-09 10:39:38.165  6301  6361 I DetoxDispatcher: Handling action 'invoke' (ID #7)...
12-09 10:39:38.167  6301  6361 D Detox   : class com.wix.detox.espresso.DetoxMatcher, matcherForTestId, [done]
12-09 10:39:38.170  6301  6361 D Detox   : class androidx.test.espresso.Espresso, onView, [(view.getTag() is "done" and view has effective visibility <VISIBLE>)]
12-09 10:39:38.171  6301  6361 D Detox   : class com.wix.detox.espresso.DetoxMatcher, matcherForSufficientlyVisible, [75]
12-09 10:39:38.173  6301  6361 D Detox   : class com.wix.detox.espresso.DetoxMatcher, matcherForNot, [(view has effective visibility <VISIBLE> and view.getGlobalVisibleRect() covers at least <75> percent of the view's area)]
12-09 10:39:38.175  6301  6361 D Detox   : class com.wix.detox.espresso.DetoxAssertion, assertMatcher, [androidx.test.espresso.ViewInteraction@99b4485, not (view has effective visibility <VISIBLE> and view.getGlobalVisibleRect() covers at least <75> percent of the view's area)]
12-09 10:39:38.211  6301  6301 I ViewInteraction: Checking 'MatchesViewAssertion(Detox){viewMatcher=not (view has effective visibility <VISIBLE> and view.getGlobalVisibleRect() covers at least <75> percent of the view's area)}' assertion on view (view.getTag() is "done" and view has effective visibility <VISIBLE>)
12-09 10:39:38.212  6301  6361 I DetoxWSClient: Sending out action 'invokeResult' (ID #7)
12-09 10:39:38.212  6301  6361 I DetoxDispatcher: Done with action 'invoke'
12-09 10:39:38.267  6301  6505 D DetoxWSClient: Received action 'invoke' (ID #8, params={"target":{"type":"Class","value":"com.wix.detox.espresso.EspressoDetox"},"method":"perform","args":[{"type":"Invocation","value":{"target":{"type":"Class","value":"androidx.test.espresso.Espresso"},"method":"onView","args":[{"type":"Invocation","value":{"target":{"type":"Class","value":"com.wix.detox.espresso.DetoxMatcher"},"method":"matcherForTestId","args":["getLocalHashInfo"]}}]}},{"type":"Invocation","value":{"target":{"type":"Class","value":"androidx.test.espresso.action.ViewActions"},"method":"longClick","args":[]}}]})
12-09 10:39:38.267  6301  6361 I DetoxDispatcher: Handling action 'invoke' (ID #8)...
12-09 10:39:38.267  6301  6361 D Detox   : class com.wix.detox.espresso.DetoxMatcher, matcherForTestId, [getLocalHashInfo]
12-09 10:39:38.268  6301  6361 D Detox   : class androidx.test.espresso.Espresso, onView, [(view.getTag() is "getLocalHashInfo" and view has effective visibility <VISIBLE>)]
12-09 10:39:38.268  6301  6361 D Detox   : class androidx.test.espresso.action.ViewActions, longClick, []
12-09 10:39:38.268  6301  6361 D Detox   : class com.wix.detox.espresso.EspressoDetox, perform, [androidx.test.espresso.ViewInteraction@c188cdb, androidx.test.espresso.action.GeneralClickAction@dc0e378]
12-09 10:39:38.270  6301  6301 I ViewInteraction: Performing 'long click' action on view (view.getTag() is "getLocalHashInfo" and view has effective visibility <VISIBLE>)
12-09 10:39:38.285  6301  6301 I Detox   : UIManagerModule is busy
12-09 10:39:38.304  6301  6350 D EGL_emulation: app_time_stats: avg=832.76ms min=570.53ms max=1094.99ms count=2
12-09 10:39:38.842  6301  6301 W UiControllerImpl: Waiting for: DYNAMIC_TASKS_HAVE_IDLED for 100 iterations.
12-09 10:39:38.850  6301  6301 I Detox   : UIManagerModule is busy
12-09 10:39:38.870  6301  6301 I Detox   : UIManagerModule is busy
12-09 10:39:38.894  6301  6301 I Detox   : AnimatedModule is busy.
12-09 10:39:38.902  6301  6301 I Detox   : AnimatedModule is busy.
12-09 10:39:38.919  6301  6301 I Detox   : AnimatedModule is busy.
12-09 10:39:38.936  6301  6301 I Detox   : AnimatedModule is busy.
12-09 10:39:38.952  6301  6301 I Detox   : AnimatedModule is busy.
12-09 10:39:38.969  6301  6301 I Detox   : AnimatedModule is busy.
12-09 10:39:38.988  6301  6301 I Detox   : AnimatedModule is busy.
12-09 10:39:39.003  6301  6301 I Detox   : AnimatedModule is busy.
12-09 10:39:39.019  6301  6301 I Detox   : AnimatedModule is busy.
12-09 10:39:39.036  6301  6301 I Detox   : AnimatedModule is busy.
12-09 10:39:39.053  6301  6301 I Detox   : AnimatedModule is busy.
12-09 10:39:39.070  6301  6301 I Detox   : AnimatedModule is busy.
12-09 10:39:39.088  6301  6301 I Detox   : AnimatedModule is busy.
12-09 10:39:39.106  6301  6301 W MotionEvents: Overslept and turned a tap into a long press
12-09 10:39:39.729  6301  6301 I Detox   : UIManagerModule is busy
12-09 10:39:39.735  6301  6301 I Detox   : AnimatedModule is busy.
12-09 10:39:39.752  6301  6301 I Detox   : AnimatedModule is busy.
12-09 10:39:39.767  6301  6301 I Detox   : AnimatedModule is busy.
12-09 10:39:39.785  6301  6301 I Detox   : AnimatedModule is busy.
12-09 10:39:39.801  6301  6301 I Detox   : AnimatedModule is busy.
12-09 10:39:39.817  6301  6301 I Detox   : AnimatedModule is busy.
12-09 10:39:39.837  6301  6301 I Detox   : AnimatedModule is busy.
12-09 10:39:39.857  6301  6301 I Detox   : AnimatedModule is busy.
12-09 10:39:39.874  6301  6301 I Detox   : AnimatedModule is busy.
12-09 10:39:39.892  6301  6301 I Detox   : AnimatedModule is busy.
12-09 10:39:39.904  6301  6301 I Detox   : AnimatedModule is busy.
12-09 10:39:39.918  6301  6301 I Detox   : AnimatedModule is busy.
12-09 10:39:39.934  6301  6301 I Detox   : AnimatedModule is busy.
12-09 10:39:39.950  6301  6301 I Detox   : AnimatedModule is busy.
12-09 10:39:39.967  6301  6301 I Detox   : AnimatedModule is busy.
12-09 10:39:40.052  6301  6361 I DetoxWSClient: Sending out action 'invokeResult' (ID #8)
12-09 10:39:40.052  6301  6361 I DetoxDispatcher: Done with action 'invoke'
12-09 10:39:40.056  6301  6505 D DetoxWSClient: Received action 'invoke' (ID #9, params={"target":{"type":"Class","value":"com.wix.detox.espresso.EspressoDetox"},"method":"perform","args":[{"type":"Invocation","value":{"target":{"type":"Class","value":"androidx.test.espresso.Espresso"},"method":"onView","args":[{"type":"Invocation","value":{"target":{"type":"Class","value":"com.wix.detox.espresso.DetoxMatcher"},"method":"matcherForTestId","args":["submit"]}}]}},{"type":"Invocation","value":{"target":{"type":"Class","value":"androidx.test.espresso.action.ViewActions"},"method":"longClick","args":[]}}]})
12-09 10:39:40.056  6301  6361 I DetoxDispatcher: Handling action 'invoke' (ID #9)...
12-09 10:39:40.057  6301  6361 D Detox   : class com.wix.detox.espresso.DetoxMatcher, matcherForTestId, [submit]
12-09 10:39:40.057  6301  6361 D Detox   : class androidx.test.espresso.Espresso, onView, [(view.getTag() is "submit" and view has effective visibility <VISIBLE>)]
12-09 10:39:40.057  6301  6361 D Detox   : class androidx.test.espresso.action.ViewActions, longClick, []
12-09 10:39:40.057  6301  6361 D Detox   : class com.wix.detox.espresso.EspressoDetox, perform, [androidx.test.espresso.ViewInteraction@32a2442, androidx.test.espresso.action.GeneralClickAction@d09bc53]
12-09 10:39:40.059  6301  6301 I ViewInteraction: Performing 'long click' action on view (view.getTag() is "submit" and view has effective visibility <VISIBLE>)
12-09 10:39:40.076  6301  6301 I Detox   : UIManagerModule is busy
12-09 10:39:40.086  6301  6350 D EGL_emulation: app_time_stats: avg=93.48ms min=1.84ms max=967.97ms count=17
12-09 10:39:40.642  6301  6301 W UiControllerImpl: Waiting for: DYNAMIC_TASKS_HAVE_IDLED for 100 iterations.
12-09 10:39:40.664  6301  6301 W UiControllerImpl: Waiting for: DYNAMIC_TASKS_HAVE_IDLED for 200 iterations.
12-09 10:39:40.694  6301  6301 W UiControllerImpl: Waiting for: DYNAMIC_TASKS_HAVE_IDLED for 300 iterations.
12-09 10:39:40.720  6301  6301 W UiControllerImpl: Waiting for: DYNAMIC_TASKS_HAVE_IDLED for 400 iterations.
12-09 10:39:40.727  6301  6301 I Detox   : UIManagerModule is busy
12-09 10:39:40.744  6301  6301 I Detox   : AnimatedModule is busy.
12-09 10:39:40.752  6301  6301 I Detox   : AnimatedModule is busy.
12-09 10:39:40.769  6301  6301 I Detox   : AnimatedModule is busy.
12-09 10:39:40.788  6301  6301 I Detox   : AnimatedModule is busy.
12-09 10:39:40.802  6301  6301 I Detox   : AnimatedModule is busy.
12-09 10:39:40.819  6301  6301 I Detox   : AnimatedModule is busy.
12-09 10:39:40.835  6301  6301 I Detox   : AnimatedModule is busy.
12-09 10:39:40.852  6301  6301 I Detox   : AnimatedModule is busy.
12-09 10:39:40.869  6301  6301 I Detox   : AnimatedModule is busy.
12-09 10:39:40.887  6301  6301 I Detox   : AnimatedModule is busy.
12-09 10:39:40.903  6301  6301 I Detox   : AnimatedModule is busy.
12-09 10:39:40.919  6301  6301 I Detox   : AnimatedModule is busy.
12-09 10:39:40.935  6301  6301 I Detox   : AnimatedModule is busy.
12-09 10:39:40.952  6301  6301 I Detox   : AnimatedModule is busy.
12-09 10:39:40.969  6301  6301 I Detox   : AnimatedModule is busy.
12-09 10:39:40.990  6301  6301 W MotionEvents: Overslept and turned a tap into a long press
12-09 10:39:41.360  6301  6626 D TrafficStats: tagSocket(164) with statsTag=0xffffffff, statsUid=-1
12-09 10:39:41.616  6301  6301 I Detox   : UIManagerModule is busy
12-09 10:39:41.618  6301  6301 I Detox   : AnimatedModule is busy.
12-09 10:39:41.633  6301  6301 I Detox   : AnimatedModule is busy.
12-09 10:39:41.650  6301  6301 I Detox   : AnimatedModule is busy.
12-09 10:39:41.669  6301  6301 I Detox   : AnimatedModule is busy.
12-09 10:39:41.685  6301  6301 I Detox   : AnimatedModule is busy.
12-09 10:39:41.703  6301  6301 I Detox   : AnimatedModule is busy.
12-09 10:39:41.718  6301  6301 I Detox   : AnimatedModule is busy.
12-09 10:39:41.735  6301  6301 I Detox   : AnimatedModule is busy.
12-09 10:39:41.751  6301  6301 I Detox   : AnimatedModule is busy.
12-09 10:39:41.768  6301  6301 I Detox   : AnimatedModule is busy.
12-09 10:39:41.786  6301  6301 I Detox   : AnimatedModule is busy.
12-09 10:39:41.801  6301  6301 I Detox   : AnimatedModule is busy.
12-09 10:39:41.818  6301  6301 I Detox   : AnimatedModule is busy.
12-09 10:39:41.841  6301  6301 I Detox   : AnimatedModule is busy.
12-09 10:39:41.851  6301  6301 I Detox   : AnimatedModule is busy.
12-09 10:39:41.943  6301  6361 I DetoxWSClient: Sending out action 'invokeResult' (ID #9)
12-09 10:39:41.958  6301  6361 I DetoxDispatcher: Done with action 'invoke'
12-09 10:39:41.969  6301  6505 D DetoxWSClient: Received action 'invoke' (ID #10, params={"target":{"type":"Class","value":"com.wix.detox.espresso.DetoxAssertion"},"method":"assertMatcher","args":[{"type":"Invocation","value":{"target":{"type":"Class","value":"androidx.test.espresso.Espresso"},"method":"onView","args":[{"type":"Invocation","value":{"target":{"type":"Class","value":"com.wix.detox.espresso.DetoxMatcher"},"method":"matcherForText","args":["done"]}}]}},{"type":"Invocation","value":{"target":{"type":"Class","value":"com.wix.detox.espresso.DetoxMatcher"},"method":"matcherForSufficientlyVisible","args":[{"type":"Integer","value":75}]}}]})
12-09 10:39:41.970  6301  6361 I DetoxDispatcher: Handling action 'invoke' (ID #10)...
12-09 10:39:41.971  6301  6361 D Detox   : class com.wix.detox.espresso.DetoxMatcher, matcherForText, [done]
12-09 10:39:41.973  6301  6361 D Detox   : class androidx.test.espresso.Espresso, onView, [(an instance of android.widget.TextView and view.getText() with or without transformation to match: is "done" and view has effective visibility <VISIBLE>)]
12-09 10:39:41.977  6301  6361 D Detox   : class com.wix.detox.espresso.DetoxMatcher, matcherForSufficientlyVisible, [75]
12-09 10:39:41.978  6301  6361 D Detox   : class com.wix.detox.espresso.DetoxAssertion, assertMatcher, [androidx.test.espresso.ViewInteraction@a85b1c, (view has effective visibility <VISIBLE> and view.getGlobalVisibleRect() covers at least <75> percent of the view's area)]
12-09 10:39:41.982  6301  6301 I ViewInteraction: Checking 'MatchesViewAssertion(Detox){viewMatcher=(view has effective visibility <VISIBLE> and view.getGlobalVisibleRect() covers at least <75> percent of the view's area)}' assertion on view (an instance of android.widget.TextView and view.getText() with or without transformation to match: is "done" and view has effective visibility <VISIBLE>)
12-09 10:39:41.986  6301  6361 I DetoxWSClient: Sending out action 'invokeResult' (ID #10)
12-09 10:39:41.989  6301  6361 I DetoxDispatcher: Done with action 'invoke'
12-09 10:39:41.994  6301  6505 D DetoxWSClient: Received action 'invoke' (ID #11, params={"target":{"type":"Class","value":"com.wix.detox.espresso.EspressoDetox"},"method":"perform","args":[{"type":"Invocation","value":{"target":{"type":"Class","value":"androidx.test.espresso.Espresso"},"method":"onView","args":[{"type":"Invocation","value":{"target":{"type":"Class","value":"com.wix.detox.espresso.DetoxMatcher"},"method":"matcherForTestId","args":["done"]}}]}},{"type":"Invocation","value":{"target":{"type":"Class","value":"androidx.test.espresso.action.ViewActions"},"method":"longClick","args":[]}}]})
12-09 10:39:41.994  6301  6361 I DetoxDispatcher: Handling action 'invoke' (ID #11)...
12-09 10:39:41.995  6301  6361 D Detox   : class com.wix.detox.espresso.DetoxMatcher, matcherForTestId, [done]
12-09 10:39:41.996  6301  6361 D Detox   : class androidx.test.espresso.Espresso, onView, [(view.getTag() is "done" and view has effective visibility <VISIBLE>)]
12-09 10:39:41.996  6301  6361 D Detox   : class androidx.test.espresso.action.ViewActions, longClick, []
12-09 10:39:41.997  6301  6361 D Detox   : class com.wix.detox.espresso.EspressoDetox, perform, [androidx.test.espresso.ViewInteraction@7198325, androidx.test.espresso.action.GeneralClickAction@f704cfa]
12-09 10:39:41.999  6301  6301 I ViewInteraction: Performing 'long click' action on view (view.getTag() is "done" and view has effective visibility <VISIBLE>)
12-09 10:39:42.011  6301  6301 I Detox   : UIManagerModule is busy
12-09 10:39:42.022  6301  6350 D EGL_emulation: app_time_stats: avg=92.16ms min=10.38ms max=1033.00ms count=21
12-09 10:39:42.560  6301  6301 W UiControllerImpl: Waiting for: DYNAMIC_TASKS_HAVE_IDLED for 100 iterations.
12-09 10:39:42.577  6301  6301 I Detox   : UIManagerModule is busy
12-09 10:39:42.591  6301  6301 I Detox   : AnimatedModule is busy.
12-09 10:39:42.606  6301  6301 I Detox   : AnimatedModule is busy.
12-09 10:39:42.617  6301  6301 I Detox   : AnimatedModule is busy.
12-09 10:39:42.633  6301  6301 I Detox   : AnimatedModule is busy.
12-09 10:39:42.650  6301  6301 I Detox   : AnimatedModule is busy.
12-09 10:39:42.669  6301  6301 I Detox   : AnimatedModule is busy.
12-09 10:39:42.684  6301  6301 I Detox   : AnimatedModule is busy.
12-09 10:39:42.700  6301  6301 I Detox   : AnimatedModule is busy.
12-09 10:39:42.717  6301  6301 I Detox   : AnimatedModule is busy.
12-09 10:39:42.733  6301  6301 I Detox   : AnimatedModule is busy.
12-09 10:39:42.753  6301  6301 I Detox   : AnimatedModule is busy.
12-09 10:39:42.767  6301  6301 I Detox   : AnimatedModule is busy.
12-09 10:39:42.784  6301  6301 I Detox   : AnimatedModule is busy.
12-09 10:39:42.801  6301  6301 I Detox   : AnimatedModule is busy.
12-09 10:39:42.818  6301  6301 I Detox   : AnimatedModule is busy.
12-09 10:39:42.840  6301  6301 W MotionEvents: Overslept and turned a tap into a long press
12-09 10:39:43.375  6301  6631 D TrafficStats: tagSocket(168) with statsTag=0xffffffff, statsUid=-1
12-09 10:39:43.532  6301  6361 I DetoxWSClient: Sending out action 'invokeResult' (ID #11)
12-09 10:39:43.532  6301  6361 I DetoxDispatcher: Done with action 'invoke'
12-09 10:39:43.536  6301  6505 D DetoxWSClient: R